******************************************************************************
            TI ARM Clang Linker Unix v4.0.4                    
******************************************************************************
>> Linked Sun Mar 29 21:59:15 2026

OUTPUT FILE NAME:   <Load_Control_&_UI.out>
ENTRY POINT SYMBOL: "_c_int00_noargs"  address: 00002a01


MEMORY CONFIGURATION

         name            origin    length      used     unused   attr    fill
----------------------  --------  ---------  --------  --------  ----  --------
  FLASH                 00000000   00020000  00002ea0  0001d160  R  X
  SRAM                  20200000   00008000  0000025c  00007da4  RW X
  BCR_CONFIG            41c00000   000000ff  00000000  000000ff  R   
  BSL_CONFIG            41c00100   00000080  00000000  00000080  R   


SEGMENT ALLOCATION MAP

run origin  load origin   length   init length attrs members
----------  ----------- ---------- ----------- ----- -------
00000000    00000000    00002c08   00002c08    r-x
  00000000    00000000    000000c0   000000c0    r-- .intvecs
  000000c0    000000c0    00002b48   00002b48    r-x .text
00002c10    00002c10    00000298   00000298    r--
  00002c10    00002c10    00000250   00000250    r-- .rodata
  00002e60    00002e60    00000048   00000048    r-- .cinit
20200000    20200000    0000005c   00000000    rw-
  20200000    20200000    00000034   00000000    rw- .data
  20200034    20200034    00000028   00000000    rw- .bss
20207e00    20207e00    00000200   00000000    rw-
  20207e00    20207e00    00000200   00000000    rw- .stack


SECTION ALLOCATION MAP

 output                                  attributes/
section   page    origin      length       input sections
--------  ----  ----------  ----------   ----------------
.intvecs   0    00000000    000000c0     
                  00000000    000000c0     startup_mspm0g350x_ticlang.o (.intvecs)

.text      0    000000c0    00002b48     
                  000000c0    000009d0     libc.a : _printfi.c.obj (.text:__TI_printfi)
                  00000a90    00000220            : _printfi.c.obj (.text._pconv_a)
                  00000cb0    000001dc            : _printfi.c.obj (.text._pconv_g)
                  00000e8c    000001a4     main.o (.text.main)
                  00001030    00000192     libclang_rt.builtins.a : adddf3.S.obj (.text.adddf3_subdf3)
                  000011c2    00000002     startup_mspm0g350x_ticlang.o (.text.Default_Handler)
                  000011c4    0000013c     libc.a : _printfi.c.obj (.text.fcvt)
                  00001300    00000134     ina229.o (.text.ina229_init)
                  00001434    00000120     libc.a : _printfi.c.obj (.text._pconv_e)
                  00001554    0000010c     libclang_rt.builtins.a : divdf3.S.obj (.text.__divdf3)
                  00001660    000000e8     ina229.o (.text.ina229_read_reg24)
                  00001748    000000e4     libclang_rt.builtins.a : muldf3.S.obj (.text.__muldf3)
                  0000182c    000000e0     ina229.o (.text.ina229_read_reg16)
                  0000190c    000000d8     libc.a : s_scalbn.c.obj (.text.scalbn)
                  000019e4    000000c4     ina229.o (.text.ina229_write_adc_configuration)
                  00001aa8    000000c4     ina229.o (.text.ina229_write_shunt_temperature_coefficient)
                  00001b6c    000000c0     ina229.o (.text.ina229_write_configuration)
                  00001c2c    000000a2     libclang_rt.builtins.a : udivmoddi4.S.obj (.text)
                  00001cce    0000009a     libc.a : memcpy16.S.obj (.text:memcpy)
                  00001d68    0000008c     libclang_rt.builtins.a : mulsf3.S.obj (.text.__mulsf3)
                  00001df4    00000080     ti_msp_dl_config.o (.text.SYSCFG_DL_UART_0_init)
                  00001e74    0000007c     libc.a : copy_decompress_lzss.c.obj (.text:decompress:lzss)
                  00001ef0    00000074     libclang_rt.builtins.a : comparedf2.c.obj (.text.__gedf2)
                  00001f64    0000006a     main.o (.text.uart_printf)
                  00001fce    00000002     libclang_rt.builtins.a : aeabi_div0.c.obj (.text.__aeabi_idiv0)
                  00001fd0    00000068                            : comparedf2.c.obj (.text.__ledf2)
                  00002038    00000066     libc.a : _printfi.c.obj (.text._mcpy)
                  0000209e    00000002     libclang_rt.builtins.a : aeabi_div0.c.obj (.text.__aeabi_ldiv0)
                  000020a0    00000062                            : aeabi_dcmp.S.obj (.text.__aeabi_dcmp)
                  00002102    00000002     --HOLE-- [fill = 0]
                  00002104    00000062                            : aeabi_fcmp.S.obj (.text.__aeabi_fcmp)
                  00002166    00000062     libc.a : memset16.S.obj (.text:memset)
                  000021c8    0000005c            : s_frexp.c.obj (.text.frexp)
                  00002224    00000058            : _ltoa.c.obj (.text.__TI_ltoa)
                  0000227c    00000058            : _printfi.c.obj (.text._pconv_f)
                  000022d4    00000056     libclang_rt.builtins.a : aeabi_idivmod.S.obj (.text.__aeabi_idivmod)
                  0000232a    00000002     --HOLE-- [fill = 0]
                  0000232c    00000054     ina229.o (.text.ina229_read_current)
                  00002380    00000054     ina229.o (.text.ina229_read_shunt_voltage)
                  000023d4    00000052     libc.a : _printfi.c.obj (.text._ecpy)
                  00002426    00000002     --HOLE-- [fill = 0]
                  00002428    00000050     ina229.o (.text.ina229_read_power)
                  00002478    0000004a     libclang_rt.builtins.a : fixdfsi.S.obj (.text.__fixdfsi)
                  000024c2    00000002     --HOLE-- [fill = 0]
                  000024c4    00000048     driverlib.a : dl_uart.o (.text.DL_UART_init)
                  0000250c    00000048     ti_msp_dl_config.o (.text.SYSCFG_DL_SYSCTL_init)
                  00002554    00000044     driverlib.a : dl_spi.o (.text.DL_SPI_init)
                  00002598    00000044     ti_msp_dl_config.o (.text.SYSCFG_DL_SPI_0_init)
                  000025dc    00000040     ti_msp_dl_config.o (.text.SYSCFG_DL_initPower)
                  0000261c    00000040     libclang_rt.builtins.a : aeabi_uidivmod.S.obj (.text.__aeabi_uidivmod)
                  0000265c    00000040                            : extendsfdf2.S.obj (.text.__extendsfdf2)
                  0000269c    00000040     libc.a : atoi.c.obj (.text.atoi)
                  000026dc    00000040            : vsnprintf.c.obj (.text.vsnprintf)
                  0000271c    0000003c     libclang_rt.builtins.a : floatsisf.S.obj (.text.__floatsisf)
                  00002758    0000003c                            : comparesf2.S.obj (.text.__gtsf2)
                  00002794    0000003c     libc.a : autoinit.c.obj (.text:__TI_auto_init_nobinit_nopinit)
                  000027d0    0000003a     libclang_rt.builtins.a : comparesf2.S.obj (.text.__eqsf2)
                  0000280a    00000002     --HOLE-- [fill = 0]
                  0000280c    0000003a                            : muldsi3.S.obj (.text.__muldsi3)
                  00002846    00000002     --HOLE-- [fill = 0]
                  00002848    00000038                            : fixsfsi.S.obj (.text.__fixsfsi)
                  00002880    00000038     ina229.o (.text.ina229_read_bus_voltage)
                  000028b8    00000036     ina229.o (.text.ina229_read_die_temperature)
                  000028ee    00000002     --HOLE-- [fill = 0]
                  000028f0    00000030     ti_msp_dl_config.o (.text.SYSCFG_DL_GPIO_init)
                  00002920    00000030     libc.a : _printfi.c.obj (.text._fcpy)
                  00002950    00000030            : vsnprintf.c.obj (.text._outs)
                  00002980    0000002c     libclang_rt.builtins.a : floatsidf.S.obj (.text.__floatsidf)
                  000029ac    0000002c     main.o (.text.uart_send_char)
                  000029d8    00000028     libclang_rt.builtins.a : floatunsisf.S.obj (.text.__floatunsisf)
                  00002a00    00000028     libc.a : boot_cortex_m.c.obj (.text:_c_int00_noargs)
                  00002a28    00000024     ti_msp_dl_config.o (.text.SYSCFG_DL_init)
                  00002a4c    00000024     libclang_rt.builtins.a : muldi3.S.obj (.text.__muldi3)
                  00002a70    00000022     libc.a : memccpy.c.obj (.text.memccpy)
                  00002a92    00000002     --HOLE-- [fill = 0]
                  00002a94    0000001e     libclang_rt.builtins.a : ashldi3.S.obj (.text.__ashldi3)
                  00002ab2    00000002     --HOLE-- [fill = 0]
                  00002ab4    00000018     main.o (.text.DL_UART_isBusy)
                  00002acc    00000018     libc.a : vsnprintf.c.obj (.text._outc)
                  00002ae4    00000016     main.o (.text.DL_UART_transmitData)
                  00002afa    00000016     libc.a : copy_zero_init.c.obj (.text:decompress:ZI:__TI_zero_init_nomemset)
                  00002b10    00000014     libclang_rt.builtins.a : aeabi_uldivmod.S.obj (.text.__aeabi_uldivmod)
                  00002b24    00000014     libc.a : _printfi.c.obj (.text.strchr)
                  00002b38    00000012     driverlib.a : dl_spi.o (.text.DL_SPI_setClockConfig)
                  00002b4a    00000012                 : dl_uart.o (.text.DL_UART_setClockConfig)
                  00002b5c    00000012     libc.a : copy_decompress_none.c.obj (.text:decompress:none)
                  00002b6e    00000010            : wcslen.c.obj (.text.wcslen)
                  00002b7e    00000002     --HOLE-- [fill = 0]
                  00002b80    0000000e     libclang_rt.builtins.a : aeabi_memset.S.obj (.text.__aeabi_memset)
                  00002b8e    0000000e     libc.a : _printfi.c.obj (.text.strlen)
                  00002b9c    0000000c     ina229.o (.text.ina229_read_device_id)
                  00002ba8    0000000c     ina229.o (.text.ina229_read_manufacturer_id)
                  00002bb4    0000000a     driverlib.a : dl_common.o (.text.DL_Common_delayCycles)
                  00002bbe    0000000a     libc.a : _printfi.c.obj (.text.OUTLINED_FUNCTION_0)
                  00002bc8    00000010     libclang_rt.builtins.a : adddf3.S.obj (.tramp.__aeabi_dsub.1)
                  00002bd8    0000000a     libc.a : _printfi.c.obj (.text.OUTLINED_FUNCTION_1)
                  00002be2    00000002     --HOLE-- [fill = 0]
                  00002be4    00000008            : aeabi_portable.c.obj (.text.__aeabi_errno_addr)
                  00002bec    00000008     libclang_rt.builtins.a : aeabi_memcpy.S.obj (.text.__aeabi_memcpy)
                  00002bf4    00000006     libc.a : exit.c.obj (.text:abort)
                  00002bfa    00000004     libsysbm.a : hostexit.c.obj (.text.HOSTexit)
                  00002bfe    00000004     startup_mspm0g350x_ticlang.o (.text.Reset_Handler)
                  00002c02    00000004     libc.a : pre_init.c.obj (.text._system_pre_init)
                  00002c06    00000002     --HOLE-- [fill = 0]

.cinit     0    00002e60    00000048     
                  00002e60    0000001f     (.cinit..data.load) [load image, compression = lzss]
                  00002e7f    00000001     --HOLE-- [fill = 0]
                  00002e80    0000000c     (__TI_handler_table)
                  00002e8c    00000008     (.cinit..bss.load) [load image, compression = zero_init]
                  00002e94    00000010     (__TI_cinit_table)
                  00002ea4    00000004     --HOLE-- [fill = 0]

.rodata    0    00002c10    00000250     
                  00002c10    00000101     libc.a : aeabi_ctype.S.obj (.rodata:__aeabi_ctype_table_)
                  00002d11    00000042     main.o (.rodata.str1.288608917962107522.1)
                  00002d53    00000032     main.o (.rodata.str1.17100691992556644108.1)
                  00002d85    00000024     main.o (.rodata.str1.8154729771448623357.1)
                  00002da9    00000020     main.o (.rodata.str1.15159059442110792349.1)
                  00002dc9    0000001a     main.o (.rodata.str1.2846389346932560359.1)
                  00002de3    00000015     main.o (.rodata.str1.18227636981041470289.1)
                  00002df8    00000014     main.o (.rodata.str1.12180500075719773345.1)
                  00002e0c    00000011     libc.a : _printfi.c.obj (.rodata.str1.10348868589481759720.1)
                  00002e1d    00000011            : _printfi.c.obj (.rodata.str1.15363888844622738466.1)
                  00002e2e    0000000d     main.o (.rodata.str1.14112174005742061988.1)
                  00002e3b    00000001     --HOLE-- [fill = 0]
                  00002e3c    0000000a     ti_msp_dl_config.o (.rodata.gSPI_0_config)
                  00002e46    0000000a     ti_msp_dl_config.o (.rodata.gUART_0Config)
                  00002e50    00000002     ti_msp_dl_config.o (.rodata.gSPI_0_clockConfig)
                  00002e52    00000002     ti_msp_dl_config.o (.rodata.gUART_0ClockConfig)
                  00002e54    0000000c     --HOLE-- [fill = 0]

.init_array 
*          0    00000000    00000000     UNINITIALIZED

.binit     0    00000000    00000000     

.data      0    20200000    00000034     UNINITIALIZED
                  20200000    00000018     main.o (.data.ina)
                  20200018    00000004     libc.a : aeabi_portable.c.obj (.data.__aeabi_errno)
                  2020001c    00000004     main.o (.data.bus_voltage)
                  20200020    00000004     main.o (.data.current)
                  20200024    00000004     main.o (.data.die_temp)
                  20200028    00000004     main.o (.data.power)
                  2020002c    00000004     main.o (.data.shunt_voltage)
                  20200030    00000002     main.o (.data.dev_id)
                  20200032    00000002     main.o (.data.man_id)

.bss       0    20200034    00000028     UNINITIALIZED
                  20200034    00000028     (.common:gSPI_0Backup)

.stack     0    20207e00    00000200     UNINITIALIZED
                  20207e00    00000004     libc.a : boot_cortex_m.c.obj (.stack)
                  20207e04    000001fc     --HOLE--

__llvm_prf_cnts 
*          0    20200000    00000000     UNINITIALIZED

__llvm_prf_bits 
*          0    20200000    00000000     UNINITIALIZED

MODULE SUMMARY

       Module                         code    ro data   rw data
       ------                         ----    -------   -------
    ./
       main.o                         616     264       48     
       ti_msp_dl_config.o             416     24        40     
       startup_mspm0g350x_ticlang.o   6       192       0      
    +--+------------------------------+-------+---------+---------+
       Total:                         1038    480       88     
                                                               
    ./drivers/ina229/
       ina229.o                       1730    0         0      
    +--+------------------------------+-------+---------+---------+
       Total:                         1730    0         0      
                                                               
    /Applications/ti/ccs2000/ccs/tools/compiler/ti-cgt-armllvm_4.0.4.LTS/lib/armv6m-ti-none-eabi/c/libc.a
       _printfi.c.obj                 4510    34        0      
       aeabi_ctype.S.obj              0       257       0      
       s_scalbn.c.obj                 216     0         0      
       memcpy16.S.obj                 154     0         0      
       vsnprintf.c.obj                136     0         0      
       copy_decompress_lzss.c.obj     124     0         0      
       memset16.S.obj                 98      0         0      
       s_frexp.c.obj                  92      0         0      
       _ltoa.c.obj                    88      0         0      
       atoi.c.obj                     64      0         0      
       autoinit.c.obj                 60      0         0      
       boot_cortex_m.c.obj            40      0         0      
       memccpy.c.obj                  34      0         0      
       copy_zero_init.c.obj           22      0         0      
       copy_decompress_none.c.obj     18      0         0      
       wcslen.c.obj                   16      0         0      
       aeabi_portable.c.obj           8       0         4      
       exit.c.obj                     6       0         0      
       pre_init.c.obj                 4       0         0      
    +--+------------------------------+-------+---------+---------+
       Total:                         5690    291       4      
                                                               
    /Applications/ti/ccs2000/ccs/tools/compiler/ti-cgt-armllvm_4.0.4.LTS/lib/armv6m-ti-none-eabi/c/libsysbm.a
       hostexit.c.obj                 4       0         0      
    +--+------------------------------+-------+---------+---------+
       Total:                         4       0         0      
                                                               
    /Applications/ti/ccs2000/ccs/tools/compiler/ti-cgt-armllvm_4.0.4.LTS/lib/armv6m-ti-none-eabi/libclang_rt.builtins.a
       adddf3.S.obj                   418     0         0      
       divdf3.S.obj                   268     0         0      
       muldf3.S.obj                   228     0         0      
       comparedf2.c.obj               220     0         0      
       udivmoddi4.S.obj               162     0         0      
       mulsf3.S.obj                   140     0         0      
       comparesf2.S.obj               118     0         0      
       aeabi_dcmp.S.obj               98      0         0      
       aeabi_fcmp.S.obj               98      0         0      
       aeabi_idivmod.S.obj            86      0         0      
       fixdfsi.S.obj                  74      0         0      
       aeabi_uidivmod.S.obj           64      0         0      
       extendsfdf2.S.obj              64      0         0      
       floatsisf.S.obj                60      0         0      
       muldsi3.S.obj                  58      0         0      
       fixsfsi.S.obj                  56      0         0      
       floatsidf.S.obj                44      0         0      
       floatunsisf.S.obj              40      0         0      
       muldi3.S.obj                   36      0         0      
       ashldi3.S.obj                  30      0         0      
       aeabi_uldivmod.S.obj           20      0         0      
       aeabi_memset.S.obj             14      0         0      
       aeabi_memcpy.S.obj             8       0         0      
       aeabi_div0.c.obj               4       0         0      
    +--+------------------------------+-------+---------+---------+
       Total:                         2408    0         0      
                                                               
    /Users/hiramraul11gmail.com/ti/mspm0_sdk_2_10_00_04/source/ti/driverlib/lib/ticlang/m0p/mspm0g1x0x_g3x0x/driverlib.a
       dl_uart.o                      90      0         0      
       dl_spi.o                       86      0         0      
       dl_common.o                    10      0         0      
    +--+------------------------------+-------+---------+---------+
       Total:                         186     0         0      
                                                               
       Stack:                         0       0         512    
       Linker Generated:              0       67        0      
    +--+------------------------------+-------+---------+---------+
       Grand Total:                   11056   838       604    


LINKER GENERATED COPY TABLES

__TI_cinit_table @ 00002e94 records: 2, size/record: 8, table size: 16
	.data: load addr=00002e60, load size=0000001f bytes, run addr=20200000, run size=00000034 bytes, compression=lzss
	.bss: load addr=00002e8c, load size=00000008 bytes, run addr=20200034, run size=00000028 bytes, compression=zero_init


LINKER GENERATED HANDLER TABLE

__TI_handler_table @ 00002e80 records: 3, size/record: 4, table size: 12
	index: 0, handler: __TI_decompress_lzss
	index: 1, handler: __TI_decompress_none
	index: 2, handler: __TI_zero_init


FAR CALL TRAMPOLINES

callee name               trampoline name
   callee addr  tramp addr   call addr  call info
--------------  -----------  ---------  ----------------
__aeabi_dsub              $Tramp$TT$L$PI$$__aeabi_dsub
   00001031     00002bc8     00002bc6   libc.a : _printfi.c.obj (.text.OUTLINED_FUNCTION_0)

[1 trampolines]
[1 trampoline calls]


GLOBAL SYMBOLS: SORTED ALPHABETICALLY BY Name 

address   name                                      
-------   ----                                      
000011c3  ADC0_IRQHandler                           
000011c3  ADC1_IRQHandler                           
000011c3  AES_IRQHandler                            
00002bfa  C$$EXIT                                   
000011c3  CANFD0_IRQHandler                         
000011c3  DAC0_IRQHandler                           
00002bb5  DL_Common_delayCycles                     
00002555  DL_SPI_init                               
00002b39  DL_SPI_setClockConfig                     
000024c5  DL_UART_init                              
00002b4b  DL_UART_setClockConfig                    
000011c3  DMA_IRQHandler                            
000011c3  Default_Handler                           
000011c3  GROUP0_IRQHandler                         
000011c3  GROUP1_IRQHandler                         
00002bfb  HOSTexit                                  
000011c3  HardFault_Handler                         
000011c3  I2C0_IRQHandler                           
000011c3  I2C1_IRQHandler                           
000011c3  NMI_Handler                               
000011c3  PendSV_Handler                            
000011c3  RTC_IRQHandler                            
00002bff  Reset_Handler                             
000011c3  SPI0_IRQHandler                           
000011c3  SPI1_IRQHandler                           
000011c3  SVC_Handler                               
000028f1  SYSCFG_DL_GPIO_init                       
00002599  SYSCFG_DL_SPI_0_init                      
0000250d  SYSCFG_DL_SYSCTL_init                     
00001df5  SYSCFG_DL_UART_0_init                     
00002a29  SYSCFG_DL_init                            
000025dd  SYSCFG_DL_initPower                       
000011c3  SysTick_Handler                           
000011c3  TIMA0_IRQHandler                          
000011c3  TIMA1_IRQHandler                          
000011c3  TIMG0_IRQHandler                          
000011c3  TIMG12_IRQHandler                         
000011c3  TIMG6_IRQHandler                          
000011c3  TIMG7_IRQHandler                          
000011c3  TIMG8_IRQHandler                          
000011c3  UART0_IRQHandler                          
000011c3  UART1_IRQHandler                          
000011c3  UART2_IRQHandler                          
000011c3  UART3_IRQHandler                          
20208000  __STACK_END                               
00000200  __STACK_SIZE                              
00000000  __TI_ATRegion0_region_sz                  
00000000  __TI_ATRegion0_src_addr                   
00000000  __TI_ATRegion0_trg_addr                   
00000000  __TI_ATRegion1_region_sz                  
00000000  __TI_ATRegion1_src_addr                   
00000000  __TI_ATRegion1_trg_addr                   
00000000  __TI_ATRegion2_region_sz                  
00000000  __TI_ATRegion2_src_addr                   
00000000  __TI_ATRegion2_trg_addr                   
00002e94  __TI_CINIT_Base                           
00002ea4  __TI_CINIT_Limit                          
00002ea4  __TI_CINIT_Warm                           
00002e80  __TI_Handler_Table_Base                   
00002e8c  __TI_Handler_Table_Limit                  
00002795  __TI_auto_init_nobinit_nopinit            
00001e75  __TI_decompress_lzss                      
00002b5d  __TI_decompress_none                      
00002225  __TI_ltoa                                 
ffffffff  __TI_pprof_out_hndl                       
000000c1  __TI_printfi                              
ffffffff  __TI_prof_data_size                       
ffffffff  __TI_prof_data_start                      
00000000  __TI_static_base__                        
00002afb  __TI_zero_init_nomemset                   
0000103b  __adddf3                                  
00002c10  __aeabi_ctype_table_                      
00002c10  __aeabi_ctype_table_C                     
00002479  __aeabi_d2iz                              
0000103b  __aeabi_dadd                              
000020a1  __aeabi_dcmpeq                            
000020dd  __aeabi_dcmpge                            
000020f1  __aeabi_dcmpgt                            
000020c9  __aeabi_dcmple                            
000020b5  __aeabi_dcmplt                            
00001555  __aeabi_ddiv                              
00001749  __aeabi_dmul                              
00001031  __aeabi_dsub                              
20200018  __aeabi_errno                             
00002be5  __aeabi_errno_addr                        
0000265d  __aeabi_f2d                               
00002849  __aeabi_f2iz                              
00002105  __aeabi_fcmpeq                            
00002141  __aeabi_fcmpge                            
00002155  __aeabi_fcmpgt                            
0000212d  __aeabi_fcmple                            
00002119  __aeabi_fcmplt                            
00001d69  __aeabi_fmul                              
00002981  __aeabi_i2d                               
0000271d  __aeabi_i2f                               
000022d5  __aeabi_idiv                              
00001fcf  __aeabi_idiv0                             
000022d5  __aeabi_idivmod                           
0000209f  __aeabi_ldiv0                             
00002a95  __aeabi_llsl                              
00002a4d  __aeabi_lmul                              
00002bed  __aeabi_memcpy                            
00002bed  __aeabi_memcpy4                           
00002bed  __aeabi_memcpy8                           
00002b81  __aeabi_memset                            
00002b81  __aeabi_memset4                           
00002b81  __aeabi_memset8                           
000029d9  __aeabi_ui2f                              
0000261d  __aeabi_uidiv                             
0000261d  __aeabi_uidivmod                          
00002b11  __aeabi_uldivmod                          
00002a95  __ashldi3                                 
ffffffff  __binit__                                 
00001fd1  __cmpdf2                                  
000027d1  __cmpsf2                                  
00001555  __divdf3                                  
00001fd1  __eqdf2                                   
000027d1  __eqsf2                                   
0000265d  __extendsfdf2                             
00002479  __fixdfsi                                 
00002849  __fixsfsi                                 
00002981  __floatsidf                               
0000271d  __floatsisf                               
000029d9  __floatunsisf                             
00001ef1  __gedf2                                   
00002759  __gesf2                                   
00001ef1  __gtdf2                                   
00002759  __gtsf2                                   
00001fd1  __ledf2                                   
000027d1  __lesf2                                   
00001fd1  __ltdf2                                   
000027d1  __ltsf2                                   
UNDEFED   __mpu_init                                
00001749  __muldf3                                  
00002a4d  __muldi3                                  
0000280d  __muldsi3                                 
00001d69  __mulsf3                                  
00001fd1  __nedf2                                   
000027d1  __nesf2                                   
20207e00  __stack                                   
20200000  __start___llvm_prf_bits                   
20200000  __start___llvm_prf_cnts                   
20200000  __stop___llvm_prf_bits                    
20200000  __stop___llvm_prf_cnts                    
00001031  __subdf3                                  
00001c2d  __udivmoddi4                              
00002a01  _c_int00_noargs                           
UNDEFED   _system_post_cinit                        
00002c03  _system_pre_init                          
00002bf5  abort                                     
0000269d  atoi                                      
ffffffff  binit                                     
2020001c  bus_voltage                               
20200020  current                                   
20200030  dev_id                                    
20200024  die_temp                                  
000021c9  frexp                                     
000021c9  frexpl                                    
20200034  gSPI_0Backup                              
20200000  ina                                       
00001301  ina229_init                               
00002881  ina229_read_bus_voltage                   
0000232d  ina229_read_current                       
00002b9d  ina229_read_device_id                     
000028b9  ina229_read_die_temperature               
00002ba9  ina229_read_manufacturer_id               
00002429  ina229_read_power                         
0000182d  ina229_read_reg16                         
00001661  ina229_read_reg24                         
00002381  ina229_read_shunt_voltage                 
000019e5  ina229_write_adc_configuration            
00001b6d  ina229_write_configuration                
00001aa9  ina229_write_shunt_temperature_coefficient
00000000  interruptVectors                          
0000190d  ldexp                                     
0000190d  ldexpl                                    
00000e8d  main                                      
20200032  man_id                                    
00002a71  memccpy                                   
00001ccf  memcpy                                    
00002167  memset                                    
20200028  power                                     
0000190d  scalbn                                    
0000190d  scalbnl                                   
2020002c  shunt_voltage                             
00001f65  uart_printf                               
000029ad  uart_send_char                            
000026dd  vsnprintf                                 
00002b6f  wcslen                                    


GLOBAL SYMBOLS: SORTED BY Symbol Address 

address   name                                      
-------   ----                                      
00000000  __TI_ATRegion0_region_sz                  
00000000  __TI_ATRegion0_src_addr                   
00000000  __TI_ATRegion0_trg_addr                   
00000000  __TI_ATRegion1_region_sz                  
00000000  __TI_ATRegion1_src_addr                   
00000000  __TI_ATRegion1_trg_addr                   
00000000  __TI_ATRegion2_region_sz                  
00000000  __TI_ATRegion2_src_addr                   
00000000  __TI_ATRegion2_trg_addr                   
00000000  __TI_static_base__                        
00000000  interruptVectors                          
000000c1  __TI_printfi                              
00000200  __STACK_SIZE                              
00000e8d  main                                      
00001031  __aeabi_dsub                              
00001031  __subdf3                                  
0000103b  __adddf3                                  
0000103b  __aeabi_dadd                              
000011c3  ADC0_IRQHandler                           
000011c3  ADC1_IRQHandler                           
000011c3  AES_IRQHandler                            
000011c3  CANFD0_IRQHandler                         
000011c3  DAC0_IRQHandler                           
000011c3  DMA_IRQHandler                            
000011c3  Default_Handler                           
000011c3  GROUP0_IRQHandler                         
000011c3  GROUP1_IRQHandler                         
000011c3  HardFault_Handler                         
000011c3  I2C0_IRQHandler                           
000011c3  I2C1_IRQHandler                           
000011c3  NMI_Handler                               
000011c3  PendSV_Handler                            
000011c3  RTC_IRQHandler                            
000011c3  SPI0_IRQHandler                           
000011c3  SPI1_IRQHandler                           
000011c3  SVC_Handler                               
000011c3  SysTick_Handler                           
000011c3  TIMA0_IRQHandler                          
000011c3  TIMA1_IRQHandler                          
000011c3  TIMG0_IRQHandler                          
000011c3  TIMG12_IRQHandler                         
000011c3  TIMG6_IRQHandler                          
000011c3  TIMG7_IRQHandler                          
000011c3  TIMG8_IRQHandler                          
000011c3  UART0_IRQHandler                          
000011c3  UART1_IRQHandler                          
000011c3  UART2_IRQHandler                          
000011c3  UART3_IRQHandler                          
00001301  ina229_init                               
00001555  __aeabi_ddiv                              
00001555  __divdf3                                  
00001661  ina229_read_reg24                         
00001749  __aeabi_dmul                              
00001749  __muldf3                                  
0000182d  ina229_read_reg16                         
0000190d  ldexp                                     
0000190d  ldexpl                                    
0000190d  scalbn                                    
0000190d  scalbnl                                   
000019e5  ina229_write_adc_configuration            
00001aa9  ina229_write_shunt_temperature_coefficient
00001b6d  ina229_write_configuration                
00001c2d  __udivmoddi4                              
00001ccf  memcpy                                    
00001d69  __aeabi_fmul                              
00001d69  __mulsf3                                  
00001df5  SYSCFG_DL_UART_0_init                     
00001e75  __TI_decompress_lzss                      
00001ef1  __gedf2                                   
00001ef1  __gtdf2                                   
00001f65  uart_printf                               
00001fcf  __aeabi_idiv0                             
00001fd1  __cmpdf2                                  
00001fd1  __eqdf2                                   
00001fd1  __ledf2                                   
00001fd1  __ltdf2                                   
00001fd1  __nedf2                                   
0000209f  __aeabi_ldiv0                             
000020a1  __aeabi_dcmpeq                            
000020b5  __aeabi_dcmplt                            
000020c9  __aeabi_dcmple                            
000020dd  __aeabi_dcmpge                            
000020f1  __aeabi_dcmpgt                            
00002105  __aeabi_fcmpeq                            
00002119  __aeabi_fcmplt                            
0000212d  __aeabi_fcmple                            
00002141  __aeabi_fcmpge                            
00002155  __aeabi_fcmpgt                            
00002167  memset                                    
000021c9  frexp                                     
000021c9  frexpl                                    
00002225  __TI_ltoa                                 
000022d5  __aeabi_idiv                              
000022d5  __aeabi_idivmod                           
0000232d  ina229_read_current                       
00002381  ina229_read_shunt_voltage                 
00002429  ina229_read_power                         
00002479  __aeabi_d2iz                              
00002479  __fixdfsi                                 
000024c5  DL_UART_init                              
0000250d  SYSCFG_DL_SYSCTL_init                     
00002555  DL_SPI_init                               
00002599  SYSCFG_DL_SPI_0_init                      
000025dd  SYSCFG_DL_initPower                       
0000261d  __aeabi_uidiv                             
0000261d  __aeabi_uidivmod                          
0000265d  __aeabi_f2d                               
0000265d  __extendsfdf2                             
0000269d  atoi                                      
000026dd  vsnprintf                                 
0000271d  __aeabi_i2f                               
0000271d  __floatsisf                               
00002759  __gesf2                                   
00002759  __gtsf2                                   
00002795  __TI_auto_init_nobinit_nopinit            
000027d1  __cmpsf2                                  
000027d1  __eqsf2                                   
000027d1  __lesf2                                   
000027d1  __ltsf2                                   
000027d1  __nesf2                                   
0000280d  __muldsi3                                 
00002849  __aeabi_f2iz                              
00002849  __fixsfsi                                 
00002881  ina229_read_bus_voltage                   
000028b9  ina229_read_die_temperature               
000028f1  SYSCFG_DL_GPIO_init                       
00002981  __aeabi_i2d                               
00002981  __floatsidf                               
000029ad  uart_send_char                            
000029d9  __aeabi_ui2f                              
000029d9  __floatunsisf                             
00002a01  _c_int00_noargs                           
00002a29  SYSCFG_DL_init                            
00002a4d  __aeabi_lmul                              
00002a4d  __muldi3                                  
00002a71  memccpy                                   
00002a95  __aeabi_llsl                              
00002a95  __ashldi3                                 
00002afb  __TI_zero_init_nomemset                   
00002b11  __aeabi_uldivmod                          
00002b39  DL_SPI_setClockConfig                     
00002b4b  DL_UART_setClockConfig                    
00002b5d  __TI_decompress_none                      
00002b6f  wcslen                                    
00002b81  __aeabi_memset                            
00002b81  __aeabi_memset4                           
00002b81  __aeabi_memset8                           
00002b9d  ina229_read_device_id                     
00002ba9  ina229_read_manufacturer_id               
00002bb5  DL_Common_delayCycles                     
00002be5  __aeabi_errno_addr                        
00002bed  __aeabi_memcpy                            
00002bed  __aeabi_memcpy4                           
00002bed  __aeabi_memcpy8                           
00002bf5  abort                                     
00002bfa  C$$EXIT                                   
00002bfb  HOSTexit                                  
00002bff  Reset_Handler                             
00002c03  _system_pre_init                          
00002c10  __aeabi_ctype_table_                      
00002c10  __aeabi_ctype_table_C                     
00002e80  __TI_Handler_Table_Base                   
00002e8c  __TI_Handler_Table_Limit                  
00002e94  __TI_CINIT_Base                           
00002ea4  __TI_CINIT_Limit                          
00002ea4  __TI_CINIT_Warm                           
20200000  __start___llvm_prf_bits                   
20200000  __start___llvm_prf_cnts                   
20200000  __stop___llvm_prf_bits                    
20200000  __stop___llvm_prf_cnts                    
20200000  ina                                       
20200018  __aeabi_errno                             
2020001c  bus_voltage                               
20200020  current                                   
20200024  die_temp                                  
20200028  power                                     
2020002c  shunt_voltage                             
20200030  dev_id                                    
20200032  man_id                                    
20200034  gSPI_0Backup                              
20207e00  __stack                                   
20208000  __STACK_END                               
ffffffff  __TI_pprof_out_hndl                       
ffffffff  __TI_prof_data_size                       
ffffffff  __TI_prof_data_start                      
ffffffff  __binit__                                 
ffffffff  binit                                     
UNDEFED   __mpu_init                                
UNDEFED   _system_post_cinit                        

[189 symbols]
