<?xml version="1.0" encoding="ISO-8859-1" ?>
<link_info>
   <banner>TI ARM Clang Linker Unix v4.0.4.LTS</banner>
   <copyright>Copyright (c) 1996-2018 Texas Instruments Incorporated</copyright>
   <command_line>/Applications/ti/ccs2000/ccs/tools/compiler/ti-cgt-armllvm_4.0.4.LTS/bin/tiarmlnk -I/Applications/ti/ccs2000/ccs/tools/compiler/ti-cgt-armllvm_4.0.4.LTS/lib -o Load_Control_&amp;_UI.out -mLoad_Control_&amp;_UI.map -i/Users/hiramraul11gmail.com/ti/mspm0_sdk_2_10_00_04/source -i/Users/hiramraul11gmail.com/workspace_ccstheia/Load_Control_&amp;_UI -i/Users/hiramraul11gmail.com/workspace_ccstheia/Load_Control_&amp;_UI/Debug/syscfg -i/Applications/ti/ccs2000/ccs/tools/compiler/ti-cgt-armllvm_4.0.4.LTS/lib --diag_wrap=off --display_error_number --warn_sections --xml_link_info=Load_Control_&amp;_UI_linkInfo.xml --rom_model ./ti_msp_dl_config.o ./startup_mspm0g350x_ticlang.o ./main.o ./bsp/ina229_port.o ./drivers/ina229/ina229.o -l./device_linker.cmd -ldevice.cmd.genlibs -llibc.a --start-group -llibc++.a -llibc++abi.a -llibc.a -llibsys.a -llibsysbm.a -llibclang_rt.builtins.a -llibclang_rt.profile.a --end-group --cg_opt_level=2</command_line>
   <link_time>0x69c975cb</link_time>
   <link_errors>0x0</link_errors>
   <output_file>/Users/hiramraul11gmail.com/workspace_ccstheia/Load_Control_&amp;_UI/Debug/Load_Control_&amp;_UI.out</output_file>
   <entry_point>
      <name>_c_int00_noargs</name>
      <address>0x2ad1</address>
   </entry_point>
   <input_file_list>
      <input_file id="fl-1">
         <path>/Users/hiramraul11gmail.com/workspace_ccstheia/Load_Control_&amp;_UI/Debug/./</path>
         <kind>object</kind>
         <file>ti_msp_dl_config.o</file>
         <name>ti_msp_dl_config.o</name>
      </input_file>
      <input_file id="fl-2">
         <path>/Users/hiramraul11gmail.com/workspace_ccstheia/Load_Control_&amp;_UI/Debug/./</path>
         <kind>object</kind>
         <file>startup_mspm0g350x_ticlang.o</file>
         <name>startup_mspm0g350x_ticlang.o</name>
      </input_file>
      <input_file id="fl-3">
         <path>/Users/hiramraul11gmail.com/workspace_ccstheia/Load_Control_&amp;_UI/Debug/./</path>
         <kind>object</kind>
         <file>main.o</file>
         <name>main.o</name>
      </input_file>
      <input_file id="fl-4">
         <path>/Users/hiramraul11gmail.com/workspace_ccstheia/Load_Control_&amp;_UI/Debug/./bsp/</path>
         <kind>object</kind>
         <file>ina229_port.o</file>
         <name>ina229_port.o</name>
      </input_file>
      <input_file id="fl-5">
         <path>/Users/hiramraul11gmail.com/workspace_ccstheia/Load_Control_&amp;_UI/Debug/./drivers/ina229/</path>
         <kind>object</kind>
         <file>ina229.o</file>
         <name>ina229.o</name>
      </input_file>
      <input_file id="fl-12">
         <path>/Users/hiramraul11gmail.com/workspace_ccstheia/Load_Control_&amp;_UI/Debug/</path>
         <kind>object</kind>
         <file>&lt;internal&gt;</file>
         <name>&lt;internal&gt;</name>
      </input_file>
      <input_file id="fl-13">
         <path>/Users/hiramraul11gmail.com/ti/mspm0_sdk_2_10_00_04/source/ti/driverlib/lib/ticlang/m0p/mspm0g1x0x_g3x0x/</path>
         <kind>archive</kind>
         <file>driverlib.a</file>
         <name>dl_common.o</name>
      </input_file>
      <input_file id="fl-14">
         <path>/Users/hiramraul11gmail.com/ti/mspm0_sdk_2_10_00_04/source/ti/driverlib/lib/ticlang/m0p/mspm0g1x0x_g3x0x/</path>
         <kind>archive</kind>
         <file>driverlib.a</file>
         <name>dl_spi.o</name>
      </input_file>
      <input_file id="fl-15">
         <path>/Users/hiramraul11gmail.com/ti/mspm0_sdk_2_10_00_04/source/ti/driverlib/lib/ticlang/m0p/mspm0g1x0x_g3x0x/</path>
         <kind>archive</kind>
         <file>driverlib.a</file>
         <name>dl_uart.o</name>
      </input_file>
      <input_file id="fl-2c">
         <path>/Applications/ti/ccs2000/ccs/tools/compiler/ti-cgt-armllvm_4.0.4.LTS/lib/armv6m-ti-none-eabi/c/</path>
         <kind>archive</kind>
         <file>libc.a</file>
         <name>vsnprintf.c.obj</name>
      </input_file>
      <input_file id="fl-2d">
         <path>/Applications/ti/ccs2000/ccs/tools/compiler/ti-cgt-armllvm_4.0.4.LTS/lib/armv6m-ti-none-eabi/c/</path>
         <kind>archive</kind>
         <file>libc.a</file>
         <name>boot_cortex_m.c.obj</name>
      </input_file>
      <input_file id="fl-2e">
         <path>/Applications/ti/ccs2000/ccs/tools/compiler/ti-cgt-armllvm_4.0.4.LTS/lib/armv6m-ti-none-eabi/c/</path>
         <kind>archive</kind>
         <file>libc.a</file>
         <name>mathacl_init.c.obj</name>
      </input_file>
      <input_file id="fl-2f">
         <path>/Applications/ti/ccs2000/ccs/tools/compiler/ti-cgt-armllvm_4.0.4.LTS/lib/armv6m-ti-none-eabi/c/</path>
         <kind>archive</kind>
         <file>libc.a</file>
         <name>autoinit.c.obj</name>
      </input_file>
      <input_file id="fl-30">
         <path>/Applications/ti/ccs2000/ccs/tools/compiler/ti-cgt-armllvm_4.0.4.LTS/lib/armv6m-ti-none-eabi/c/</path>
         <kind>archive</kind>
         <file>libc.a</file>
         <name>pre_init.c.obj</name>
      </input_file>
      <input_file id="fl-31">
         <path>/Applications/ti/ccs2000/ccs/tools/compiler/ti-cgt-armllvm_4.0.4.LTS/lib/armv6m-ti-none-eabi/c/</path>
         <kind>archive</kind>
         <file>libc.a</file>
         <name>cpy_tbl.c.obj</name>
      </input_file>
      <input_file id="fl-32">
         <path>/Applications/ti/ccs2000/ccs/tools/compiler/ti-cgt-armllvm_4.0.4.LTS/lib/armv6m-ti-none-eabi/c/</path>
         <kind>archive</kind>
         <file>libc.a</file>
         <name>copy_zero_init.c.obj</name>
      </input_file>
      <input_file id="fl-33">
         <path>/Applications/ti/ccs2000/ccs/tools/compiler/ti-cgt-armllvm_4.0.4.LTS/lib/armv6m-ti-none-eabi/c/</path>
         <kind>archive</kind>
         <file>libc.a</file>
         <name>copy_decompress_none.c.obj</name>
      </input_file>
      <input_file id="fl-34">
         <path>/Applications/ti/ccs2000/ccs/tools/compiler/ti-cgt-armllvm_4.0.4.LTS/lib/armv6m-ti-none-eabi/c/</path>
         <kind>archive</kind>
         <file>libc.a</file>
         <name>copy_decompress_lzss.c.obj</name>
      </input_file>
      <input_file id="fl-35">
         <path>/Applications/ti/ccs2000/ccs/tools/compiler/ti-cgt-armllvm_4.0.4.LTS/lib/armv6m-ti-none-eabi/c/</path>
         <kind>archive</kind>
         <file>libc.a</file>
         <name>_printfi.c.obj</name>
      </input_file>
      <input_file id="fl-36">
         <path>/Applications/ti/ccs2000/ccs/tools/compiler/ti-cgt-armllvm_4.0.4.LTS/lib/armv6m-ti-none-eabi/c/</path>
         <kind>archive</kind>
         <file>libc.a</file>
         <name>aeabi_portable.c.obj</name>
      </input_file>
      <input_file id="fl-37">
         <path>/Applications/ti/ccs2000/ccs/tools/compiler/ti-cgt-armllvm_4.0.4.LTS/lib/armv6m-ti-none-eabi/c/</path>
         <kind>archive</kind>
         <file>libc.a</file>
         <name>exit.c.obj</name>
      </input_file>
      <input_file id="fl-38">
         <path>/Applications/ti/ccs2000/ccs/tools/compiler/ti-cgt-armllvm_4.0.4.LTS/lib/armv6m-ti-none-eabi/c/</path>
         <kind>archive</kind>
         <file>libc.a</file>
         <name>_lock.c.obj</name>
      </input_file>
      <input_file id="fl-39">
         <path>/Applications/ti/ccs2000/ccs/tools/compiler/ti-cgt-armllvm_4.0.4.LTS/lib/armv6m-ti-none-eabi/c/</path>
         <kind>archive</kind>
         <file>libc.a</file>
         <name>_ltoa.c.obj</name>
      </input_file>
      <input_file id="fl-3a">
         <path>/Applications/ti/ccs2000/ccs/tools/compiler/ti-cgt-armllvm_4.0.4.LTS/lib/armv6m-ti-none-eabi/c/</path>
         <kind>archive</kind>
         <file>libc.a</file>
         <name>args_main.c.obj</name>
      </input_file>
      <input_file id="fl-3b">
         <path>/Applications/ti/ccs2000/ccs/tools/compiler/ti-cgt-armllvm_4.0.4.LTS/lib/armv6m-ti-none-eabi/c/</path>
         <kind>archive</kind>
         <file>libc.a</file>
         <name>assert.c.obj</name>
      </input_file>
      <input_file id="fl-3c">
         <path>/Applications/ti/ccs2000/ccs/tools/compiler/ti-cgt-armllvm_4.0.4.LTS/lib/armv6m-ti-none-eabi/c/</path>
         <kind>archive</kind>
         <file>libc.a</file>
         <name>atoi.c.obj</name>
      </input_file>
      <input_file id="fl-3d">
         <path>/Applications/ti/ccs2000/ccs/tools/compiler/ti-cgt-armllvm_4.0.4.LTS/lib/armv6m-ti-none-eabi/c/</path>
         <kind>archive</kind>
         <file>libc.a</file>
         <name>defs.c.obj</name>
      </input_file>
      <input_file id="fl-3e">
         <path>/Applications/ti/ccs2000/ccs/tools/compiler/ti-cgt-armllvm_4.0.4.LTS/lib/armv6m-ti-none-eabi/c/</path>
         <kind>archive</kind>
         <file>libc.a</file>
         <name>memccpy.c.obj</name>
      </input_file>
      <input_file id="fl-3f">
         <path>/Applications/ti/ccs2000/ccs/tools/compiler/ti-cgt-armllvm_4.0.4.LTS/lib/armv6m-ti-none-eabi/c/</path>
         <kind>archive</kind>
         <file>libc.a</file>
         <name>memory.c.obj</name>
      </input_file>
      <input_file id="fl-40">
         <path>/Applications/ti/ccs2000/ccs/tools/compiler/ti-cgt-armllvm_4.0.4.LTS/lib/armv6m-ti-none-eabi/c/</path>
         <kind>archive</kind>
         <file>libc.a</file>
         <name>s_frexp.c.obj</name>
      </input_file>
      <input_file id="fl-41">
         <path>/Applications/ti/ccs2000/ccs/tools/compiler/ti-cgt-armllvm_4.0.4.LTS/lib/armv6m-ti-none-eabi/c/</path>
         <kind>archive</kind>
         <file>libc.a</file>
         <name>s_scalbn.c.obj</name>
      </input_file>
      <input_file id="fl-42">
         <path>/Applications/ti/ccs2000/ccs/tools/compiler/ti-cgt-armllvm_4.0.4.LTS/lib/armv6m-ti-none-eabi/c/</path>
         <kind>archive</kind>
         <file>libc.a</file>
         <name>wcslen.c.obj</name>
      </input_file>
      <input_file id="fl-43">
         <path>/Applications/ti/ccs2000/ccs/tools/compiler/ti-cgt-armllvm_4.0.4.LTS/lib/armv6m-ti-none-eabi/c/</path>
         <kind>archive</kind>
         <file>libc.a</file>
         <name>sprintf.c.obj</name>
      </input_file>
      <input_file id="fl-44">
         <path>/Applications/ti/ccs2000/ccs/tools/compiler/ti-cgt-armllvm_4.0.4.LTS/lib/armv6m-ti-none-eabi/c/</path>
         <kind>archive</kind>
         <file>libc.a</file>
         <name>fflush.c.obj</name>
      </input_file>
      <input_file id="fl-45">
         <path>/Applications/ti/ccs2000/ccs/tools/compiler/ti-cgt-armllvm_4.0.4.LTS/lib/armv6m-ti-none-eabi/c/</path>
         <kind>archive</kind>
         <file>libc.a</file>
         <name>fputs.c.obj</name>
      </input_file>
      <input_file id="fl-46">
         <path>/Applications/ti/ccs2000/ccs/tools/compiler/ti-cgt-armllvm_4.0.4.LTS/lib/armv6m-ti-none-eabi/c/</path>
         <kind>archive</kind>
         <file>libc.a</file>
         <name>_io_perm.c.obj</name>
      </input_file>
      <input_file id="fl-47">
         <path>/Applications/ti/ccs2000/ccs/tools/compiler/ti-cgt-armllvm_4.0.4.LTS/lib/armv6m-ti-none-eabi/c/</path>
         <kind>archive</kind>
         <file>libc.a</file>
         <name>setvbuf.c.obj</name>
      </input_file>
      <input_file id="fl-48">
         <path>/Applications/ti/ccs2000/ccs/tools/compiler/ti-cgt-armllvm_4.0.4.LTS/lib/armv6m-ti-none-eabi/c/</path>
         <kind>archive</kind>
         <file>libc.a</file>
         <name>aeabi_ctype.S.obj</name>
      </input_file>
      <input_file id="fl-49">
         <path>/Applications/ti/ccs2000/ccs/tools/compiler/ti-cgt-armllvm_4.0.4.LTS/lib/armv6m-ti-none-eabi/c/</path>
         <kind>archive</kind>
         <file>libc.a</file>
         <name>fopen.c.obj</name>
      </input_file>
      <input_file id="fl-4a">
         <path>/Applications/ti/ccs2000/ccs/tools/compiler/ti-cgt-armllvm_4.0.4.LTS/lib/armv6m-ti-none-eabi/c/</path>
         <kind>archive</kind>
         <file>libc.a</file>
         <name>fseek.c.obj</name>
      </input_file>
      <input_file id="fl-4b">
         <path>/Applications/ti/ccs2000/ccs/tools/compiler/ti-cgt-armllvm_4.0.4.LTS/lib/armv6m-ti-none-eabi/c/</path>
         <kind>archive</kind>
         <file>libc.a</file>
         <name>fclose.c.obj</name>
      </input_file>
      <input_file id="fl-eb">
         <path>/Applications/ti/ccs2000/ccs/tools/compiler/ti-cgt-armllvm_4.0.4.LTS/lib/armv6m-ti-none-eabi/c/</path>
         <kind>archive</kind>
         <file>libsysbm.a</file>
         <name>hostexit.c.obj</name>
      </input_file>
      <input_file id="fl-ec">
         <path>/Applications/ti/ccs2000/ccs/tools/compiler/ti-cgt-armllvm_4.0.4.LTS/lib/armv6m-ti-none-eabi/c/</path>
         <kind>archive</kind>
         <file>libsysbm.a</file>
         <name>write.c.obj</name>
      </input_file>
      <input_file id="fl-ed">
         <path>/Applications/ti/ccs2000/ccs/tools/compiler/ti-cgt-armllvm_4.0.4.LTS/lib/armv6m-ti-none-eabi/c/</path>
         <kind>archive</kind>
         <file>libsysbm.a</file>
         <name>host_device.c.obj</name>
      </input_file>
      <input_file id="fl-ee">
         <path>/Applications/ti/ccs2000/ccs/tools/compiler/ti-cgt-armllvm_4.0.4.LTS/lib/armv6m-ti-none-eabi/c/</path>
         <kind>archive</kind>
         <file>libsysbm.a</file>
         <name>remove.c.obj</name>
      </input_file>
      <input_file id="fl-ef">
         <path>/Applications/ti/ccs2000/ccs/tools/compiler/ti-cgt-armllvm_4.0.4.LTS/lib/armv6m-ti-none-eabi/c/</path>
         <kind>archive</kind>
         <file>libsysbm.a</file>
         <name>open.c.obj</name>
      </input_file>
      <input_file id="fl-f0">
         <path>/Applications/ti/ccs2000/ccs/tools/compiler/ti-cgt-armllvm_4.0.4.LTS/lib/armv6m-ti-none-eabi/c/</path>
         <kind>archive</kind>
         <file>libsysbm.a</file>
         <name>lseek.c.obj</name>
      </input_file>
      <input_file id="fl-f1">
         <path>/Applications/ti/ccs2000/ccs/tools/compiler/ti-cgt-armllvm_4.0.4.LTS/lib/armv6m-ti-none-eabi/c/</path>
         <kind>archive</kind>
         <file>libsysbm.a</file>
         <name>close.c.obj</name>
      </input_file>
      <input_file id="fl-f2">
         <path>/Applications/ti/ccs2000/ccs/tools/compiler/ti-cgt-armllvm_4.0.4.LTS/lib/armv6m-ti-none-eabi/c/</path>
         <kind>archive</kind>
         <file>libsysbm.a</file>
         <name>unlink.c.obj</name>
      </input_file>
      <input_file id="fl-f3">
         <path>/Applications/ti/ccs2000/ccs/tools/compiler/ti-cgt-armllvm_4.0.4.LTS/lib/armv6m-ti-none-eabi/c/</path>
         <kind>archive</kind>
         <file>libsysbm.a</file>
         <name>hostclose.c.obj</name>
      </input_file>
      <input_file id="fl-f4">
         <path>/Applications/ti/ccs2000/ccs/tools/compiler/ti-cgt-armllvm_4.0.4.LTS/lib/armv6m-ti-none-eabi/c/</path>
         <kind>archive</kind>
         <file>libsysbm.a</file>
         <name>hostlseek.c.obj</name>
      </input_file>
      <input_file id="fl-f5">
         <path>/Applications/ti/ccs2000/ccs/tools/compiler/ti-cgt-armllvm_4.0.4.LTS/lib/armv6m-ti-none-eabi/c/</path>
         <kind>archive</kind>
         <file>libsysbm.a</file>
         <name>hostopen.c.obj</name>
      </input_file>
      <input_file id="fl-f6">
         <path>/Applications/ti/ccs2000/ccs/tools/compiler/ti-cgt-armllvm_4.0.4.LTS/lib/armv6m-ti-none-eabi/c/</path>
         <kind>archive</kind>
         <file>libsysbm.a</file>
         <name>hostread.c.obj</name>
      </input_file>
      <input_file id="fl-f7">
         <path>/Applications/ti/ccs2000/ccs/tools/compiler/ti-cgt-armllvm_4.0.4.LTS/lib/armv6m-ti-none-eabi/c/</path>
         <kind>archive</kind>
         <file>libsysbm.a</file>
         <name>hostrename.c.obj</name>
      </input_file>
      <input_file id="fl-f8">
         <path>/Applications/ti/ccs2000/ccs/tools/compiler/ti-cgt-armllvm_4.0.4.LTS/lib/armv6m-ti-none-eabi/c/</path>
         <kind>archive</kind>
         <file>libsysbm.a</file>
         <name>hostunlink.c.obj</name>
      </input_file>
      <input_file id="fl-f9">
         <path>/Applications/ti/ccs2000/ccs/tools/compiler/ti-cgt-armllvm_4.0.4.LTS/lib/armv6m-ti-none-eabi/c/</path>
         <kind>archive</kind>
         <file>libsysbm.a</file>
         <name>hostwrite.c.obj</name>
      </input_file>
      <input_file id="fl-fa">
         <path>/Applications/ti/ccs2000/ccs/tools/compiler/ti-cgt-armllvm_4.0.4.LTS/lib/armv6m-ti-none-eabi/c/</path>
         <kind>archive</kind>
         <file>libsysbm.a</file>
         <name>trgmsg.c.obj</name>
      </input_file>
      <input_file id="fl-fb">
         <path>/Applications/ti/ccs2000/ccs/tools/compiler/ti-cgt-armllvm_4.0.4.LTS/lib/armv6m-ti-none-eabi/</path>
         <kind>archive</kind>
         <file>libclang_rt.builtins.a</file>
         <name>adddf3.S.obj</name>
      </input_file>
      <input_file id="fl-fc">
         <path>/Applications/ti/ccs2000/ccs/tools/compiler/ti-cgt-armllvm_4.0.4.LTS/lib/armv6m-ti-none-eabi/</path>
         <kind>archive</kind>
         <file>libclang_rt.builtins.a</file>
         <name>muldf3.S.obj</name>
      </input_file>
      <input_file id="fl-fd">
         <path>/Applications/ti/ccs2000/ccs/tools/compiler/ti-cgt-armllvm_4.0.4.LTS/lib/armv6m-ti-none-eabi/</path>
         <kind>archive</kind>
         <file>libclang_rt.builtins.a</file>
         <name>muldsi3.S.obj</name>
      </input_file>
      <input_file id="fl-fe">
         <path>/Applications/ti/ccs2000/ccs/tools/compiler/ti-cgt-armllvm_4.0.4.LTS/lib/armv6m-ti-none-eabi/</path>
         <kind>archive</kind>
         <file>libclang_rt.builtins.a</file>
         <name>mulsf3.S.obj</name>
      </input_file>
      <input_file id="fl-ff">
         <path>/Applications/ti/ccs2000/ccs/tools/compiler/ti-cgt-armllvm_4.0.4.LTS/lib/armv6m-ti-none-eabi/</path>
         <kind>archive</kind>
         <file>libclang_rt.builtins.a</file>
         <name>divdf3.S.obj</name>
      </input_file>
      <input_file id="fl-100">
         <path>/Applications/ti/ccs2000/ccs/tools/compiler/ti-cgt-armllvm_4.0.4.LTS/lib/armv6m-ti-none-eabi/</path>
         <kind>archive</kind>
         <file>libclang_rt.builtins.a</file>
         <name>extendsfdf2.S.obj</name>
      </input_file>
      <input_file id="fl-101">
         <path>/Applications/ti/ccs2000/ccs/tools/compiler/ti-cgt-armllvm_4.0.4.LTS/lib/armv6m-ti-none-eabi/</path>
         <kind>archive</kind>
         <file>libclang_rt.builtins.a</file>
         <name>fixdfsi.S.obj</name>
      </input_file>
      <input_file id="fl-102">
         <path>/Applications/ti/ccs2000/ccs/tools/compiler/ti-cgt-armllvm_4.0.4.LTS/lib/armv6m-ti-none-eabi/</path>
         <kind>archive</kind>
         <file>libclang_rt.builtins.a</file>
         <name>fixsfsi.S.obj</name>
      </input_file>
      <input_file id="fl-103">
         <path>/Applications/ti/ccs2000/ccs/tools/compiler/ti-cgt-armllvm_4.0.4.LTS/lib/armv6m-ti-none-eabi/</path>
         <kind>archive</kind>
         <file>libclang_rt.builtins.a</file>
         <name>floatdisf.S.obj</name>
      </input_file>
      <input_file id="fl-104">
         <path>/Applications/ti/ccs2000/ccs/tools/compiler/ti-cgt-armllvm_4.0.4.LTS/lib/armv6m-ti-none-eabi/</path>
         <kind>archive</kind>
         <file>libclang_rt.builtins.a</file>
         <name>floatsidf.S.obj</name>
      </input_file>
      <input_file id="fl-105">
         <path>/Applications/ti/ccs2000/ccs/tools/compiler/ti-cgt-armllvm_4.0.4.LTS/lib/armv6m-ti-none-eabi/</path>
         <kind>archive</kind>
         <file>libclang_rt.builtins.a</file>
         <name>floatsisf.S.obj</name>
      </input_file>
      <input_file id="fl-106">
         <path>/Applications/ti/ccs2000/ccs/tools/compiler/ti-cgt-armllvm_4.0.4.LTS/lib/armv6m-ti-none-eabi/</path>
         <kind>archive</kind>
         <file>libclang_rt.builtins.a</file>
         <name>floatundisf.S.obj</name>
      </input_file>
      <input_file id="fl-107">
         <path>/Applications/ti/ccs2000/ccs/tools/compiler/ti-cgt-armllvm_4.0.4.LTS/lib/armv6m-ti-none-eabi/</path>
         <kind>archive</kind>
         <file>libclang_rt.builtins.a</file>
         <name>floatunsisf.S.obj</name>
      </input_file>
      <input_file id="fl-108">
         <path>/Applications/ti/ccs2000/ccs/tools/compiler/ti-cgt-armllvm_4.0.4.LTS/lib/armv6m-ti-none-eabi/</path>
         <kind>archive</kind>
         <file>libclang_rt.builtins.a</file>
         <name>muldi3.S.obj</name>
      </input_file>
      <input_file id="fl-109">
         <path>/Applications/ti/ccs2000/ccs/tools/compiler/ti-cgt-armllvm_4.0.4.LTS/lib/armv6m-ti-none-eabi/</path>
         <kind>archive</kind>
         <file>libclang_rt.builtins.a</file>
         <name>aeabi_dcmp.S.obj</name>
      </input_file>
      <input_file id="fl-10a">
         <path>/Applications/ti/ccs2000/ccs/tools/compiler/ti-cgt-armllvm_4.0.4.LTS/lib/armv6m-ti-none-eabi/</path>
         <kind>archive</kind>
         <file>libclang_rt.builtins.a</file>
         <name>aeabi_fcmp.S.obj</name>
      </input_file>
      <input_file id="fl-10b">
         <path>/Applications/ti/ccs2000/ccs/tools/compiler/ti-cgt-armllvm_4.0.4.LTS/lib/armv6m-ti-none-eabi/</path>
         <kind>archive</kind>
         <file>libclang_rt.builtins.a</file>
         <name>aeabi_idivmod.S.obj</name>
      </input_file>
      <input_file id="fl-10c">
         <path>/Applications/ti/ccs2000/ccs/tools/compiler/ti-cgt-armllvm_4.0.4.LTS/lib/armv6m-ti-none-eabi/</path>
         <kind>archive</kind>
         <file>libclang_rt.builtins.a</file>
         <name>aeabi_memcpy.S.obj</name>
      </input_file>
      <input_file id="fl-10d">
         <path>/Applications/ti/ccs2000/ccs/tools/compiler/ti-cgt-armllvm_4.0.4.LTS/lib/armv6m-ti-none-eabi/</path>
         <kind>archive</kind>
         <file>libclang_rt.builtins.a</file>
         <name>aeabi_memset.S.obj</name>
      </input_file>
      <input_file id="fl-10e">
         <path>/Applications/ti/ccs2000/ccs/tools/compiler/ti-cgt-armllvm_4.0.4.LTS/lib/armv6m-ti-none-eabi/</path>
         <kind>archive</kind>
         <file>libclang_rt.builtins.a</file>
         <name>aeabi_uidivmod.S.obj</name>
      </input_file>
      <input_file id="fl-10f">
         <path>/Applications/ti/ccs2000/ccs/tools/compiler/ti-cgt-armllvm_4.0.4.LTS/lib/armv6m-ti-none-eabi/</path>
         <kind>archive</kind>
         <file>libclang_rt.builtins.a</file>
         <name>aeabi_uldivmod.S.obj</name>
      </input_file>
      <input_file id="fl-110">
         <path>/Applications/ti/ccs2000/ccs/tools/compiler/ti-cgt-armllvm_4.0.4.LTS/lib/armv6m-ti-none-eabi/</path>
         <kind>archive</kind>
         <file>libclang_rt.builtins.a</file>
         <name>comparesf2.S.obj</name>
      </input_file>
      <input_file id="fl-111">
         <path>/Applications/ti/ccs2000/ccs/tools/compiler/ti-cgt-armllvm_4.0.4.LTS/lib/armv6m-ti-none-eabi/</path>
         <kind>archive</kind>
         <file>libclang_rt.builtins.a</file>
         <name>udivmoddi4.S.obj</name>
      </input_file>
      <input_file id="fl-112">
         <path>/Applications/ti/ccs2000/ccs/tools/compiler/ti-cgt-armllvm_4.0.4.LTS/lib/armv6m-ti-none-eabi/</path>
         <kind>archive</kind>
         <file>libclang_rt.builtins.a</file>
         <name>ashldi3.S.obj</name>
      </input_file>
      <input_file id="fl-113">
         <path>/Applications/ti/ccs2000/ccs/tools/compiler/ti-cgt-armllvm_4.0.4.LTS/lib/armv6m-ti-none-eabi/</path>
         <kind>archive</kind>
         <file>libclang_rt.builtins.a</file>
         <name>comparedf2.c.obj</name>
      </input_file>
      <input_file id="fl-114">
         <path>/Applications/ti/ccs2000/ccs/tools/compiler/ti-cgt-armllvm_4.0.4.LTS/lib/armv6m-ti-none-eabi/</path>
         <kind>archive</kind>
         <file>libclang_rt.builtins.a</file>
         <name>aeabi_div0.c.obj</name>
      </input_file>
      <input_file id="fl-115">
         <path>/Applications/ti/ccs2000/ccs/tools/compiler/ti-cgt-armllvm_4.0.4.LTS/lib/armv6m-ti-none-eabi/c/</path>
         <kind>archive</kind>
         <file>libc.a</file>
         <name>getdevice.c.obj</name>
      </input_file>
      <input_file id="fl-116">
         <path>/Applications/ti/ccs2000/ccs/tools/compiler/ti-cgt-armllvm_4.0.4.LTS/lib/armv6m-ti-none-eabi/c/</path>
         <kind>archive</kind>
         <file>libc.a</file>
         <name>memcpy16.S.obj</name>
      </input_file>
      <input_file id="fl-117">
         <path>/Applications/ti/ccs2000/ccs/tools/compiler/ti-cgt-armllvm_4.0.4.LTS/lib/armv6m-ti-none-eabi/c/</path>
         <kind>archive</kind>
         <file>libc.a</file>
         <name>memset16.S.obj</name>
      </input_file>
      <input_file id="fl-118">
         <path>/Applications/ti/ccs2000/ccs/tools/compiler/ti-cgt-armllvm_4.0.4.LTS/lib/armv6m-ti-none-eabi/c/</path>
         <kind>archive</kind>
         <file>libc.a</file>
         <name>strcmp-armv6m.S.obj</name>
      </input_file>
   </input_file_list>
   <object_component_list>
      <object_component id="oc-18">
         <name>.intvecs</name>
         <load_address>0x0</load_address>
         <readonly>true</readonly>
         <run_address>0x0</run_address>
         <size>0xc0</size>
         <alignment>0x4</alignment>
         <input_file_ref idref="fl-2"/>
      </object_component>
      <object_component id="oc-14a">
         <name>.text:__TI_printfi</name>
         <load_address>0xc0</load_address>
         <readonly>true</readonly>
         <executable>true</executable>
         <run_address>0xc0</run_address>
         <size>0x9d0</size>
         <alignment>0x4</alignment>
         <input_file_ref idref="fl-35"/>
      </object_component>
      <object_component id="oc-16e">
         <name>.text._pconv_a</name>
         <load_address>0xa90</load_address>
         <readonly>true</readonly>
         <executable>true</executable>
         <run_address>0xa90</run_address>
         <size>0x220</size>
         <alignment>0x4</alignment>
         <input_file_ref idref="fl-35"/>
      </object_component>
      <object_component id="oc-173">
         <name>.text._pconv_g</name>
         <load_address>0xcb0</load_address>
         <readonly>true</readonly>
         <executable>true</executable>
         <run_address>0xcb0</run_address>
         <size>0x1dc</size>
         <alignment>0x4</alignment>
         <input_file_ref idref="fl-35"/>
      </object_component>
      <object_component id="oc-63">
         <name>.text.main</name>
         <load_address>0xe8c</load_address>
         <readonly>true</readonly>
         <executable>true</executable>
         <run_address>0xe8c</run_address>
         <size>0x1c0</size>
         <alignment>0x4</alignment>
         <input_file_ref idref="fl-3"/>
      </object_component>
      <object_component id="oc-1b9">
         <name>.text.adddf3_subdf3</name>
         <load_address>0x104c</load_address>
         <readonly>true</readonly>
         <executable>true</executable>
         <run_address>0x104c</run_address>
         <size>0x192</size>
         <alignment>0x4</alignment>
         <input_file_ref idref="fl-fb"/>
      </object_component>
      <object_component id="oc-33">
         <name>.text.Default_Handler</name>
         <load_address>0x11de</load_address>
         <readonly>true</readonly>
         <executable>true</executable>
         <run_address>0x11de</run_address>
         <size>0x2</size>
         <alignment>0x2</alignment>
         <input_file_ref idref="fl-2"/>
      </object_component>
      <object_component id="oc-1bd">
         <name>.text.fcvt</name>
         <load_address>0x11e0</load_address>
         <readonly>true</readonly>
         <executable>true</executable>
         <run_address>0x11e0</run_address>
         <size>0x13c</size>
         <alignment>0x4</alignment>
         <input_file_ref idref="fl-35"/>
      </object_component>
      <object_component id="oc-175">
         <name>.text._pconv_e</name>
         <load_address>0x131c</load_address>
         <readonly>true</readonly>
         <executable>true</executable>
         <run_address>0x131c</run_address>
         <size>0x120</size>
         <alignment>0x4</alignment>
         <input_file_ref idref="fl-35"/>
      </object_component>
      <object_component id="oc-81">
         <name>.text.ina229_init</name>
         <load_address>0x143c</load_address>
         <readonly>true</readonly>
         <executable>true</executable>
         <run_address>0x143c</run_address>
         <size>0x120</size>
         <alignment>0x4</alignment>
         <input_file_ref idref="fl-5"/>
      </object_component>
      <object_component id="oc-1b5">
         <name>.text.__divdf3</name>
         <load_address>0x155c</load_address>
         <readonly>true</readonly>
         <executable>true</executable>
         <run_address>0x155c</run_address>
         <size>0x10c</size>
         <alignment>0x4</alignment>
         <input_file_ref idref="fl-ff"/>
      </object_component>
      <object_component id="oc-ef">
         <name>.text.ina229_read_reg24</name>
         <load_address>0x1668</load_address>
         <readonly>true</readonly>
         <executable>true</executable>
         <run_address>0x1668</run_address>
         <size>0xe8</size>
         <alignment>0x4</alignment>
         <input_file_ref idref="fl-5"/>
      </object_component>
      <object_component id="oc-1a5">
         <name>.text.__muldf3</name>
         <load_address>0x1750</load_address>
         <readonly>true</readonly>
         <executable>true</executable>
         <run_address>0x1750</run_address>
         <size>0xe4</size>
         <alignment>0x4</alignment>
         <input_file_ref idref="fl-fc"/>
      </object_component>
      <object_component id="oc-da">
         <name>.text.ina229_read_reg16</name>
         <load_address>0x1834</load_address>
         <readonly>true</readonly>
         <executable>true</executable>
         <run_address>0x1834</run_address>
         <size>0xe0</size>
         <alignment>0x4</alignment>
         <input_file_ref idref="fl-5"/>
      </object_component>
      <object_component id="oc-194">
         <name>.text.scalbn</name>
         <load_address>0x1914</load_address>
         <readonly>true</readonly>
         <executable>true</executable>
         <run_address>0x1914</run_address>
         <size>0xd8</size>
         <alignment>0x4</alignment>
         <input_file_ref idref="fl-41"/>
      </object_component>
      <object_component id="oc-89">
         <name>.text.ina229_write_adc_configuration</name>
         <load_address>0x19ec</load_address>
         <readonly>true</readonly>
         <executable>true</executable>
         <run_address>0x19ec</run_address>
         <size>0xc4</size>
         <alignment>0x4</alignment>
         <input_file_ref idref="fl-5"/>
      </object_component>
      <object_component id="oc-8a">
         <name>.text.ina229_write_shunt_calibration</name>
         <load_address>0x1ab0</load_address>
         <readonly>true</readonly>
         <executable>true</executable>
         <run_address>0x1ab0</run_address>
         <size>0xc4</size>
         <alignment>0x4</alignment>
         <input_file_ref idref="fl-5"/>
      </object_component>
      <object_component id="oc-8b">
         <name>.text.ina229_write_shunt_temperature_coefficient</name>
         <load_address>0x1b74</load_address>
         <readonly>true</readonly>
         <executable>true</executable>
         <run_address>0x1b74</run_address>
         <size>0xc4</size>
         <alignment>0x4</alignment>
         <input_file_ref idref="fl-5"/>
      </object_component>
      <object_component id="oc-88">
         <name>.text.ina229_write_configuration</name>
         <load_address>0x1c38</load_address>
         <readonly>true</readonly>
         <executable>true</executable>
         <run_address>0x1c38</run_address>
         <size>0xc0</size>
         <alignment>0x4</alignment>
         <input_file_ref idref="fl-5"/>
      </object_component>
      <object_component id="oc-18b">
         <name>.text</name>
         <load_address>0x1cf8</load_address>
         <readonly>true</readonly>
         <executable>true</executable>
         <run_address>0x1cf8</run_address>
         <size>0xa2</size>
         <alignment>0x4</alignment>
         <input_file_ref idref="fl-111"/>
      </object_component>
      <object_component id="oc-77">
         <name>.text:memcpy</name>
         <load_address>0x1d9a</load_address>
         <readonly>true</readonly>
         <executable>true</executable>
         <run_address>0x1d9a</run_address>
         <size>0x9a</size>
         <alignment>0x1</alignment>
         <input_file_ref idref="fl-116"/>
      </object_component>
      <object_component id="oc-db">
         <name>.text.__mulsf3</name>
         <load_address>0x1e34</load_address>
         <readonly>true</readonly>
         <executable>true</executable>
         <run_address>0x1e34</run_address>
         <size>0x8c</size>
         <alignment>0x4</alignment>
         <input_file_ref idref="fl-fe"/>
      </object_component>
      <object_component id="oc-d1">
         <name>.text.SYSCFG_DL_UART_0_init</name>
         <load_address>0x1ec0</load_address>
         <readonly>true</readonly>
         <executable>true</executable>
         <run_address>0x1ec0</run_address>
         <size>0x80</size>
         <alignment>0x4</alignment>
         <input_file_ref idref="fl-1"/>
      </object_component>
      <object_component id="oc-1c">
         <name>.text:decompress:lzss</name>
         <load_address>0x1f40</load_address>
         <readonly>true</readonly>
         <executable>true</executable>
         <run_address>0x1f40</run_address>
         <size>0x7c</size>
         <alignment>0x4</alignment>
         <input_file_ref idref="fl-34"/>
      </object_component>
      <object_component id="oc-1b3">
         <name>.text.__gedf2</name>
         <load_address>0x1fbc</load_address>
         <readonly>true</readonly>
         <executable>true</executable>
         <run_address>0x1fbc</run_address>
         <size>0x74</size>
         <alignment>0x4</alignment>
         <input_file_ref idref="fl-113"/>
      </object_component>
      <object_component id="oc-87">
         <name>.text.uart_printf</name>
         <load_address>0x2030</load_address>
         <readonly>true</readonly>
         <executable>true</executable>
         <run_address>0x2030</run_address>
         <size>0x6a</size>
         <alignment>0x2</alignment>
         <input_file_ref idref="fl-3"/>
      </object_component>
      <object_component id="oc-179">
         <name>.text.__aeabi_idiv0</name>
         <load_address>0x209a</load_address>
         <readonly>true</readonly>
         <executable>true</executable>
         <run_address>0x209a</run_address>
         <size>0x2</size>
         <alignment>0x2</alignment>
         <input_file_ref idref="fl-114"/>
      </object_component>
      <object_component id="oc-1ad">
         <name>.text.__ledf2</name>
         <load_address>0x209c</load_address>
         <readonly>true</readonly>
         <executable>true</executable>
         <run_address>0x209c</run_address>
         <size>0x68</size>
         <alignment>0x4</alignment>
         <input_file_ref idref="fl-113"/>
      </object_component>
      <object_component id="oc-1ac">
         <name>.text._mcpy</name>
         <load_address>0x2104</load_address>
         <readonly>true</readonly>
         <executable>true</executable>
         <run_address>0x2104</run_address>
         <size>0x66</size>
         <alignment>0x2</alignment>
         <input_file_ref idref="fl-35"/>
      </object_component>
      <object_component id="oc-1c2">
         <name>.text.__aeabi_ldiv0</name>
         <load_address>0x216a</load_address>
         <readonly>true</readonly>
         <executable>true</executable>
         <run_address>0x216a</run_address>
         <size>0x2</size>
         <alignment>0x2</alignment>
         <input_file_ref idref="fl-114"/>
      </object_component>
      <object_component id="oc-16f">
         <name>.text.__aeabi_dcmp</name>
         <load_address>0x216c</load_address>
         <readonly>true</readonly>
         <executable>true</executable>
         <run_address>0x216c</run_address>
         <size>0x62</size>
         <alignment>0x4</alignment>
         <input_file_ref idref="fl-109"/>
      </object_component>
      <object_component id="oc-d6">
         <name>.text.__aeabi_fcmp</name>
         <load_address>0x21d0</load_address>
         <readonly>true</readonly>
         <executable>true</executable>
         <run_address>0x21d0</run_address>
         <size>0x62</size>
         <alignment>0x4</alignment>
         <input_file_ref idref="fl-10a"/>
      </object_component>
      <object_component id="oc-cc">
         <name>.text:memset</name>
         <load_address>0x2232</load_address>
         <readonly>true</readonly>
         <executable>true</executable>
         <run_address>0x2232</run_address>
         <size>0x62</size>
         <alignment>0x1</alignment>
         <input_file_ref idref="fl-117"/>
      </object_component>
      <object_component id="oc-190">
         <name>.text.frexp</name>
         <load_address>0x2294</load_address>
         <readonly>true</readonly>
         <executable>true</executable>
         <run_address>0x2294</run_address>
         <size>0x5c</size>
         <alignment>0x4</alignment>
         <input_file_ref idref="fl-40"/>
      </object_component>
      <object_component id="oc-19c">
         <name>.text.__TI_ltoa</name>
         <load_address>0x22f0</load_address>
         <readonly>true</readonly>
         <executable>true</executable>
         <run_address>0x22f0</run_address>
         <size>0x58</size>
         <alignment>0x2</alignment>
         <input_file_ref idref="fl-39"/>
      </object_component>
      <object_component id="oc-174">
         <name>.text._pconv_f</name>
         <load_address>0x2348</load_address>
         <readonly>true</readonly>
         <executable>true</executable>
         <run_address>0x2348</run_address>
         <size>0x58</size>
         <alignment>0x2</alignment>
         <input_file_ref idref="fl-35"/>
      </object_component>
      <object_component id="oc-1cf">
         <name>.text.__aeabi_idivmod</name>
         <load_address>0x23a0</load_address>
         <readonly>true</readonly>
         <executable>true</executable>
         <run_address>0x23a0</run_address>
         <size>0x56</size>
         <alignment>0x4</alignment>
         <input_file_ref idref="fl-10b"/>
      </object_component>
      <object_component id="oc-95">
         <name>.text.ina229_read_current</name>
         <load_address>0x23f8</load_address>
         <readonly>true</readonly>
         <executable>true</executable>
         <run_address>0x23f8</run_address>
         <size>0x54</size>
         <alignment>0x4</alignment>
         <input_file_ref idref="fl-5"/>
      </object_component>
      <object_component id="oc-96">
         <name>.text.ina229_read_power</name>
         <load_address>0x244c</load_address>
         <readonly>true</readonly>
         <executable>true</executable>
         <run_address>0x244c</run_address>
         <size>0x54</size>
         <alignment>0x4</alignment>
         <input_file_ref idref="fl-5"/>
      </object_component>
      <object_component id="oc-92">
         <name>.text.ina229_read_shunt_voltage</name>
         <load_address>0x24a0</load_address>
         <readonly>true</readonly>
         <executable>true</executable>
         <run_address>0x24a0</run_address>
         <size>0x54</size>
         <alignment>0x4</alignment>
         <input_file_ref idref="fl-5"/>
      </object_component>
      <object_component id="oc-1aa">
         <name>.text._ecpy</name>
         <load_address>0x24f4</load_address>
         <readonly>true</readonly>
         <executable>true</executable>
         <run_address>0x24f4</run_address>
         <size>0x52</size>
         <alignment>0x2</alignment>
         <input_file_ref idref="fl-35"/>
      </object_component>
      <object_component id="oc-198">
         <name>.text.__fixdfsi</name>
         <load_address>0x2548</load_address>
         <readonly>true</readonly>
         <executable>true</executable>
         <run_address>0x2548</run_address>
         <size>0x4a</size>
         <alignment>0x4</alignment>
         <input_file_ref idref="fl-101"/>
      </object_component>
      <object_component id="oc-110">
         <name>.text.DL_UART_init</name>
         <load_address>0x2594</load_address>
         <readonly>true</readonly>
         <executable>true</executable>
         <run_address>0x2594</run_address>
         <size>0x48</size>
         <alignment>0x4</alignment>
         <input_file_ref idref="fl-15"/>
      </object_component>
      <object_component id="oc-cf">
         <name>.text.SYSCFG_DL_SYSCTL_init</name>
         <load_address>0x25dc</load_address>
         <readonly>true</readonly>
         <executable>true</executable>
         <run_address>0x25dc</run_address>
         <size>0x48</size>
         <alignment>0x4</alignment>
         <input_file_ref idref="fl-1"/>
      </object_component>
      <object_component id="oc-119">
         <name>.text.DL_SPI_init</name>
         <load_address>0x2624</load_address>
         <readonly>true</readonly>
         <executable>true</executable>
         <run_address>0x2624</run_address>
         <size>0x44</size>
         <alignment>0x4</alignment>
         <input_file_ref idref="fl-14"/>
      </object_component>
      <object_component id="oc-d2">
         <name>.text.SYSCFG_DL_SPI_0_init</name>
         <load_address>0x2668</load_address>
         <readonly>true</readonly>
         <executable>true</executable>
         <run_address>0x2668</run_address>
         <size>0x44</size>
         <alignment>0x4</alignment>
         <input_file_ref idref="fl-1"/>
      </object_component>
      <object_component id="oc-cd">
         <name>.text.SYSCFG_DL_initPower</name>
         <load_address>0x26ac</load_address>
         <readonly>true</readonly>
         <executable>true</executable>
         <run_address>0x26ac</run_address>
         <size>0x40</size>
         <alignment>0x4</alignment>
         <input_file_ref idref="fl-1"/>
      </object_component>
      <object_component id="oc-152">
         <name>.text.__aeabi_uidivmod</name>
         <load_address>0x26ec</load_address>
         <readonly>true</readonly>
         <executable>true</executable>
         <run_address>0x26ec</run_address>
         <size>0x40</size>
         <alignment>0x4</alignment>
         <input_file_ref idref="fl-10e"/>
      </object_component>
      <object_component id="oc-97">
         <name>.text.__extendsfdf2</name>
         <load_address>0x272c</load_address>
         <readonly>true</readonly>
         <executable>true</executable>
         <run_address>0x272c</run_address>
         <size>0x40</size>
         <alignment>0x4</alignment>
         <input_file_ref idref="fl-100"/>
      </object_component>
      <object_component id="oc-158">
         <name>.text.atoi</name>
         <load_address>0x276c</load_address>
         <readonly>true</readonly>
         <executable>true</executable>
         <run_address>0x276c</run_address>
         <size>0x40</size>
         <alignment>0x4</alignment>
         <input_file_ref idref="fl-3c"/>
      </object_component>
      <object_component id="oc-e5">
         <name>.text.vsnprintf</name>
         <load_address>0x27ac</load_address>
         <readonly>true</readonly>
         <executable>true</executable>
         <run_address>0x27ac</run_address>
         <size>0x40</size>
         <alignment>0x4</alignment>
         <input_file_ref idref="fl-2c"/>
      </object_component>
      <object_component id="oc-f0">
         <name>.text.__floatsisf</name>
         <load_address>0x27ec</load_address>
         <readonly>true</readonly>
         <executable>true</executable>
         <run_address>0x27ec</run_address>
         <size>0x3c</size>
         <alignment>0x4</alignment>
         <input_file_ref idref="fl-105"/>
      </object_component>
      <object_component id="oc-121">
         <name>.text.__gtsf2</name>
         <load_address>0x2828</load_address>
         <readonly>true</readonly>
         <executable>true</executable>
         <run_address>0x2828</run_address>
         <size>0x3c</size>
         <alignment>0x4</alignment>
         <input_file_ref idref="fl-110"/>
      </object_component>
      <object_component id="oc-b4">
         <name>.text:__TI_auto_init_nobinit_nopinit</name>
         <load_address>0x2864</load_address>
         <readonly>true</readonly>
         <executable>true</executable>
         <run_address>0x2864</run_address>
         <size>0x3c</size>
         <alignment>0x4</alignment>
         <input_file_ref idref="fl-2f"/>
      </object_component>
      <object_component id="oc-11c">
         <name>.text.__eqsf2</name>
         <load_address>0x28a0</load_address>
         <readonly>true</readonly>
         <executable>true</executable>
         <run_address>0x28a0</run_address>
         <size>0x3a</size>
         <alignment>0x4</alignment>
         <input_file_ref idref="fl-110"/>
      </object_component>
      <object_component id="oc-123">
         <name>.text.__muldsi3</name>
         <load_address>0x28dc</load_address>
         <readonly>true</readonly>
         <executable>true</executable>
         <run_address>0x28dc</run_address>
         <size>0x3a</size>
         <alignment>0x4</alignment>
         <input_file_ref idref="fl-fd"/>
      </object_component>
      <object_component id="oc-df">
         <name>.text.__fixsfsi</name>
         <load_address>0x2918</load_address>
         <readonly>true</readonly>
         <executable>true</executable>
         <run_address>0x2918</run_address>
         <size>0x38</size>
         <alignment>0x4</alignment>
         <input_file_ref idref="fl-102"/>
      </object_component>
      <object_component id="oc-93">
         <name>.text.ina229_read_bus_voltage</name>
         <load_address>0x2950</load_address>
         <readonly>true</readonly>
         <executable>true</executable>
         <run_address>0x2950</run_address>
         <size>0x38</size>
         <alignment>0x4</alignment>
         <input_file_ref idref="fl-5"/>
      </object_component>
      <object_component id="oc-94">
         <name>.text.ina229_read_die_temperature</name>
         <load_address>0x2988</load_address>
         <readonly>true</readonly>
         <executable>true</executable>
         <run_address>0x2988</run_address>
         <size>0x36</size>
         <alignment>0x2</alignment>
         <input_file_ref idref="fl-5"/>
      </object_component>
      <object_component id="oc-ce">
         <name>.text.SYSCFG_DL_GPIO_init</name>
         <load_address>0x29c0</load_address>
         <readonly>true</readonly>
         <executable>true</executable>
         <run_address>0x29c0</run_address>
         <size>0x30</size>
         <alignment>0x4</alignment>
         <input_file_ref idref="fl-1"/>
      </object_component>
      <object_component id="oc-1ab">
         <name>.text._fcpy</name>
         <load_address>0x29f0</load_address>
         <readonly>true</readonly>
         <executable>true</executable>
         <run_address>0x29f0</run_address>
         <size>0x30</size>
         <alignment>0x2</alignment>
         <input_file_ref idref="fl-35"/>
      </object_component>
      <object_component id="oc-12a">
         <name>.text._outs</name>
         <load_address>0x2a20</load_address>
         <readonly>true</readonly>
         <executable>true</executable>
         <run_address>0x2a20</run_address>
         <size>0x30</size>
         <alignment>0x2</alignment>
         <input_file_ref idref="fl-2c"/>
      </object_component>
      <object_component id="oc-1a0">
         <name>.text.__floatsidf</name>
         <load_address>0x2a50</load_address>
         <readonly>true</readonly>
         <executable>true</executable>
         <run_address>0x2a50</run_address>
         <size>0x2c</size>
         <alignment>0x4</alignment>
         <input_file_ref idref="fl-104"/>
      </object_component>
      <object_component id="oc-eb">
         <name>.text.uart_send_char</name>
         <load_address>0x2a7c</load_address>
         <readonly>true</readonly>
         <executable>true</executable>
         <run_address>0x2a7c</run_address>
         <size>0x2c</size>
         <alignment>0x4</alignment>
         <input_file_ref idref="fl-3"/>
      </object_component>
      <object_component id="oc-f4">
         <name>.text.__floatunsisf</name>
         <load_address>0x2aa8</load_address>
         <readonly>true</readonly>
         <executable>true</executable>
         <run_address>0x2aa8</run_address>
         <size>0x28</size>
         <alignment>0x4</alignment>
         <input_file_ref idref="fl-107"/>
      </object_component>
      <object_component id="oc-4f">
         <name>.text:_c_int00_noargs</name>
         <load_address>0x2ad0</load_address>
         <readonly>true</readonly>
         <executable>true</executable>
         <run_address>0x2ad0</run_address>
         <size>0x28</size>
         <alignment>0x4</alignment>
         <input_file_ref idref="fl-2d"/>
      </object_component>
      <object_component id="oc-7c">
         <name>.text.SYSCFG_DL_init</name>
         <load_address>0x2af8</load_address>
         <readonly>true</readonly>
         <executable>true</executable>
         <run_address>0x2af8</run_address>
         <size>0x24</size>
         <alignment>0x4</alignment>
         <input_file_ref idref="fl-1"/>
      </object_component>
      <object_component id="oc-165">
         <name>.text.__muldi3</name>
         <load_address>0x2b1c</load_address>
         <readonly>true</readonly>
         <executable>true</executable>
         <run_address>0x2b1c</run_address>
         <size>0x24</size>
         <alignment>0x4</alignment>
         <input_file_ref idref="fl-108"/>
      </object_component>
      <object_component id="oc-14d">
         <name>.text.memccpy</name>
         <load_address>0x2b40</load_address>
         <readonly>true</readonly>
         <executable>true</executable>
         <run_address>0x2b40</run_address>
         <size>0x22</size>
         <alignment>0x2</alignment>
         <input_file_ref idref="fl-3e"/>
      </object_component>
      <object_component id="oc-1c3">
         <name>.text.__ashldi3</name>
         <load_address>0x2b64</load_address>
         <readonly>true</readonly>
         <executable>true</executable>
         <run_address>0x2b64</run_address>
         <size>0x1e</size>
         <alignment>0x4</alignment>
         <input_file_ref idref="fl-112"/>
      </object_component>
      <object_component id="oc-12e">
         <name>.text.DL_UART_isBusy</name>
         <load_address>0x2b84</load_address>
         <readonly>true</readonly>
         <executable>true</executable>
         <run_address>0x2b84</run_address>
         <size>0x18</size>
         <alignment>0x4</alignment>
         <input_file_ref idref="fl-3"/>
      </object_component>
      <object_component id="oc-12b">
         <name>.text._outc</name>
         <load_address>0x2b9c</load_address>
         <readonly>true</readonly>
         <executable>true</executable>
         <run_address>0x2b9c</run_address>
         <size>0x18</size>
         <alignment>0x2</alignment>
         <input_file_ref idref="fl-2c"/>
      </object_component>
      <object_component id="oc-12f">
         <name>.text.DL_UART_transmitData</name>
         <load_address>0x2bb4</load_address>
         <readonly>true</readonly>
         <executable>true</executable>
         <run_address>0x2bb4</run_address>
         <size>0x16</size>
         <alignment>0x2</alignment>
         <input_file_ref idref="fl-3"/>
      </object_component>
      <object_component id="oc-46">
         <name>.text:decompress:ZI:__TI_zero_init_nomemset</name>
         <load_address>0x2bca</load_address>
         <readonly>true</readonly>
         <executable>true</executable>
         <run_address>0x2bca</run_address>
         <size>0x16</size>
         <alignment>0x2</alignment>
         <input_file_ref idref="fl-32"/>
      </object_component>
      <object_component id="oc-16a">
         <name>.text.__aeabi_uldivmod</name>
         <load_address>0x2be0</load_address>
         <readonly>true</readonly>
         <executable>true</executable>
         <run_address>0x2be0</run_address>
         <size>0x14</size>
         <alignment>0x4</alignment>
         <input_file_ref idref="fl-10f"/>
      </object_component>
      <object_component id="oc-1a9">
         <name>.text.strchr</name>
         <load_address>0x2bf4</load_address>
         <readonly>true</readonly>
         <executable>true</executable>
         <run_address>0x2bf4</run_address>
         <size>0x14</size>
         <alignment>0x2</alignment>
         <input_file_ref idref="fl-35"/>
      </object_component>
      <object_component id="oc-113">
         <name>.text.DL_SPI_setClockConfig</name>
         <load_address>0x2c08</load_address>
         <readonly>true</readonly>
         <executable>true</executable>
         <run_address>0x2c08</run_address>
         <size>0x12</size>
         <alignment>0x2</alignment>
         <input_file_ref idref="fl-14"/>
      </object_component>
      <object_component id="oc-10a">
         <name>.text.DL_UART_setClockConfig</name>
         <load_address>0x2c1a</load_address>
         <readonly>true</readonly>
         <executable>true</executable>
         <run_address>0x2c1a</run_address>
         <size>0x12</size>
         <alignment>0x2</alignment>
         <input_file_ref idref="fl-15"/>
      </object_component>
      <object_component id="oc-20">
         <name>.text:decompress:none</name>
         <load_address>0x2c2c</load_address>
         <readonly>true</readonly>
         <executable>true</executable>
         <run_address>0x2c2c</run_address>
         <size>0x12</size>
         <alignment>0x2</alignment>
         <input_file_ref idref="fl-33"/>
      </object_component>
      <object_component id="oc-15c">
         <name>.text.wcslen</name>
         <load_address>0x2c3e</load_address>
         <readonly>true</readonly>
         <executable>true</executable>
         <run_address>0x2c3e</run_address>
         <size>0x10</size>
         <alignment>0x2</alignment>
         <input_file_ref idref="fl-42"/>
      </object_component>
      <object_component id="oc-14c">
         <name>.text.__aeabi_memset</name>
         <load_address>0x2c50</load_address>
         <readonly>true</readonly>
         <executable>true</executable>
         <run_address>0x2c50</run_address>
         <size>0xe</size>
         <alignment>0x4</alignment>
         <input_file_ref idref="fl-10d"/>
      </object_component>
      <object_component id="oc-14b">
         <name>.text.strlen</name>
         <load_address>0x2c5e</load_address>
         <readonly>true</readonly>
         <executable>true</executable>
         <run_address>0x2c5e</run_address>
         <size>0xe</size>
         <alignment>0x2</alignment>
         <input_file_ref idref="fl-35"/>
      </object_component>
      <object_component id="oc-8d">
         <name>.text.ina229_read_device_id</name>
         <load_address>0x2c6c</load_address>
         <readonly>true</readonly>
         <executable>true</executable>
         <run_address>0x2c6c</run_address>
         <size>0xc</size>
         <alignment>0x2</alignment>
         <input_file_ref idref="fl-5"/>
      </object_component>
      <object_component id="oc-8c">
         <name>.text.ina229_read_manufacturer_id</name>
         <load_address>0x2c78</load_address>
         <readonly>true</readonly>
         <executable>true</executable>
         <run_address>0x2c78</run_address>
         <size>0xc</size>
         <alignment>0x2</alignment>
         <input_file_ref idref="fl-5"/>
      </object_component>
      <object_component id="oc-8e">
         <name>.text.DL_Common_delayCycles</name>
         <load_address>0x2c84</load_address>
         <readonly>true</readonly>
         <executable>true</executable>
         <run_address>0x2c84</run_address>
         <size>0xa</size>
         <alignment>0x2</alignment>
         <input_file_ref idref="fl-13"/>
      </object_component>
      <object_component id="oc-1a4">
         <name>.text.OUTLINED_FUNCTION_0</name>
         <load_address>0x2c8e</load_address>
         <readonly>true</readonly>
         <executable>true</executable>
         <run_address>0x2c8e</run_address>
         <size>0xa</size>
         <alignment>0x2</alignment>
         <input_file_ref idref="fl-35"/>
      </object_component>
      <object_component id="oc-225">
         <name>.tramp.__aeabi_dsub.1</name>
         <load_address>0x2c98</load_address>
         <readonly>true</readonly>
         <executable>true</executable>
         <run_address>0x2c98</run_address>
         <size>0x10</size>
         <alignment>0x4</alignment>
         <input_file_ref idref="fl-fb"/>
      </object_component>
      <object_component id="oc-1be">
         <name>.text.OUTLINED_FUNCTION_1</name>
         <load_address>0x2ca8</load_address>
         <readonly>true</readonly>
         <executable>true</executable>
         <run_address>0x2ca8</run_address>
         <size>0xa</size>
         <alignment>0x2</alignment>
         <input_file_ref idref="fl-35"/>
      </object_component>
      <object_component id="oc-160">
         <name>.text.__aeabi_errno_addr</name>
         <load_address>0x2cb4</load_address>
         <readonly>true</readonly>
         <executable>true</executable>
         <run_address>0x2cb4</run_address>
         <size>0x8</size>
         <alignment>0x4</alignment>
         <input_file_ref idref="fl-36"/>
      </object_component>
      <object_component id="oc-3f">
         <name>.text.__aeabi_memcpy</name>
         <load_address>0x2cbc</load_address>
         <readonly>true</readonly>
         <executable>true</executable>
         <run_address>0x2cbc</run_address>
         <size>0x8</size>
         <alignment>0x4</alignment>
         <input_file_ref idref="fl-10c"/>
      </object_component>
      <object_component id="oc-ad">
         <name>.text:abort</name>
         <load_address>0x2cc4</load_address>
         <readonly>true</readonly>
         <executable>true</executable>
         <run_address>0x2cc4</run_address>
         <size>0x6</size>
         <alignment>0x2</alignment>
         <input_file_ref idref="fl-37"/>
      </object_component>
      <object_component id="oc-f9">
         <name>.text.HOSTexit</name>
         <load_address>0x2cca</load_address>
         <readonly>true</readonly>
         <executable>true</executable>
         <run_address>0x2cca</run_address>
         <size>0x4</size>
         <alignment>0x2</alignment>
         <input_file_ref idref="fl-eb"/>
      </object_component>
      <object_component id="oc-2f">
         <name>.text.Reset_Handler</name>
         <load_address>0x2cce</load_address>
         <readonly>true</readonly>
         <executable>true</executable>
         <run_address>0x2cce</run_address>
         <size>0x4</size>
         <alignment>0x2</alignment>
         <input_file_ref idref="fl-2"/>
      </object_component>
      <object_component id="oc-5f">
         <name>.text._system_pre_init</name>
         <load_address>0x2cd2</load_address>
         <readonly>true</readonly>
         <executable>true</executable>
         <run_address>0x2cd2</run_address>
         <size>0x4</size>
         <alignment>0x2</alignment>
         <input_file_ref idref="fl-30"/>
      </object_component>
      <object_component id="oc-221">
         <name>.cinit..data.load</name>
         <load_address>0x2f20</load_address>
         <readonly>true</readonly>
         <run_address>0x2f20</run_address>
         <size>0x1f</size>
         <alignment>0x1</alignment>
      </object_component>
      <object_component id="oc-21f">
         <name>__TI_handler_table</name>
         <load_address>0x2f40</load_address>
         <readonly>true</readonly>
         <run_address>0x2f40</run_address>
         <size>0xc</size>
         <alignment>0x4</alignment>
      </object_component>
      <object_component id="oc-222">
         <name>.cinit..bss.load</name>
         <load_address>0x2f4c</load_address>
         <readonly>true</readonly>
         <run_address>0x2f4c</run_address>
         <size>0x8</size>
         <alignment>0x4</alignment>
      </object_component>
      <object_component id="oc-220">
         <name>__TI_cinit_table</name>
         <load_address>0x2f54</load_address>
         <readonly>true</readonly>
         <run_address>0x2f54</run_address>
         <size>0x10</size>
         <alignment>0x4</alignment>
      </object_component>
      <object_component id="oc-17f">
         <name>.rodata:__aeabi_ctype_table_</name>
         <load_address>0x2ce0</load_address>
         <readonly>true</readonly>
         <run_address>0x2ce0</run_address>
         <size>0x101</size>
         <alignment>0x10</alignment>
         <input_file_ref idref="fl-48"/>
      </object_component>
      <object_component id="oc-a6">
         <name>.rodata.str1.288608917962107522.1</name>
         <load_address>0x2de1</load_address>
         <readonly>true</readonly>
         <run_address>0x2de1</run_address>
         <size>0x42</size>
         <alignment>0x1</alignment>
         <input_file_ref idref="fl-3"/>
      </object_component>
      <object_component id="oc-a7">
         <name>.rodata.str1.18227636981041470289.1</name>
         <load_address>0x2e23</load_address>
         <readonly>true</readonly>
         <run_address>0x2e23</run_address>
         <size>0x26</size>
         <alignment>0x1</alignment>
         <input_file_ref idref="fl-3"/>
      </object_component>
      <object_component id="oc-a8">
         <name>.rodata.str1.17100691992556644108.1</name>
         <load_address>0x2e49</load_address>
         <readonly>true</readonly>
         <run_address>0x2e49</run_address>
         <size>0x24</size>
         <alignment>0x1</alignment>
         <input_file_ref idref="fl-3"/>
      </object_component>
      <object_component id="oc-a9">
         <name>.rodata.str1.8154729771448623357.1</name>
         <load_address>0x2e6d</load_address>
         <readonly>true</readonly>
         <run_address>0x2e6d</run_address>
         <size>0x20</size>
         <alignment>0x1</alignment>
         <input_file_ref idref="fl-3"/>
      </object_component>
      <object_component id="oc-9d">
         <name>.rodata.str1.2846389346932560359.1</name>
         <load_address>0x2e8d</load_address>
         <readonly>true</readonly>
         <run_address>0x2e8d</run_address>
         <size>0x1a</size>
         <alignment>0x1</alignment>
         <input_file_ref idref="fl-3"/>
      </object_component>
      <object_component id="oc-aa">
         <name>.rodata.str1.15159059442110792349.1</name>
         <load_address>0x2ea7</load_address>
         <readonly>true</readonly>
         <run_address>0x2ea7</run_address>
         <size>0x15</size>
         <alignment>0x1</alignment>
         <input_file_ref idref="fl-3"/>
      </object_component>
      <object_component id="oc-9f">
         <name>.rodata.str1.12180500075719773345.1</name>
         <load_address>0x2ebc</load_address>
         <readonly>true</readonly>
         <run_address>0x2ebc</run_address>
         <size>0x14</size>
         <alignment>0x1</alignment>
         <input_file_ref idref="fl-3"/>
      </object_component>
      <object_component id="oc-169">
         <name>.rodata.str1.10348868589481759720.1</name>
         <load_address>0x2ed0</load_address>
         <readonly>true</readonly>
         <run_address>0x2ed0</run_address>
         <size>0x11</size>
         <alignment>0x1</alignment>
         <input_file_ref idref="fl-35"/>
      </object_component>
      <object_component id="oc-151">
         <name>.rodata.str1.15363888844622738466.1</name>
         <load_address>0x2ee1</load_address>
         <readonly>true</readonly>
         <run_address>0x2ee1</run_address>
         <size>0x11</size>
         <alignment>0x1</alignment>
         <input_file_ref idref="fl-35"/>
      </object_component>
      <object_component id="oc-a5">
         <name>.rodata.str1.14112174005742061988.1</name>
         <load_address>0x2ef2</load_address>
         <readonly>true</readonly>
         <run_address>0x2ef2</run_address>
         <size>0xd</size>
         <alignment>0x1</alignment>
         <input_file_ref idref="fl-3"/>
      </object_component>
      <object_component id="oc-11b">
         <name>.rodata.gSPI_0_config</name>
         <load_address>0x2f00</load_address>
         <readonly>true</readonly>
         <run_address>0x2f00</run_address>
         <size>0xa</size>
         <alignment>0x2</alignment>
         <input_file_ref idref="fl-1"/>
      </object_component>
      <object_component id="oc-112">
         <name>.rodata.gUART_0Config</name>
         <load_address>0x2f0a</load_address>
         <readonly>true</readonly>
         <run_address>0x2f0a</run_address>
         <size>0xa</size>
         <alignment>0x2</alignment>
         <input_file_ref idref="fl-1"/>
      </object_component>
      <object_component id="oc-11a">
         <name>.rodata.gSPI_0_clockConfig</name>
         <load_address>0x2f14</load_address>
         <readonly>true</readonly>
         <run_address>0x2f14</run_address>
         <size>0x2</size>
         <alignment>0x1</alignment>
         <input_file_ref idref="fl-1"/>
      </object_component>
      <object_component id="oc-111">
         <name>.rodata.gUART_0ClockConfig</name>
         <load_address>0x2f16</load_address>
         <readonly>true</readonly>
         <run_address>0x2f16</run_address>
         <size>0x2</size>
         <alignment>0x1</alignment>
         <input_file_ref idref="fl-1"/>
      </object_component>
      <object_component id="oc-1e7">
         <name>.binit</name>
         <load_address>0x0</load_address>
         <readonly>true</readonly>
         <run_address>0x0</run_address>
         <size>0x0</size>
         <alignment>0x4</alignment>
      </object_component>
      <object_component id="oc-9b">
         <name>.data.ina</name>
         <load_address>0x20200000</load_address>
         <readwrite>true</readwrite>
         <run_address>0x20200000</run_address>
         <size>0x18</size>
         <alignment>0x4</alignment>
         <input_file_ref idref="fl-3"/>
      </object_component>
      <object_component id="oc-9c">
         <name>.data.man_id</name>
         <load_address>0x20200032</load_address>
         <readwrite>true</readwrite>
         <run_address>0x20200032</run_address>
         <size>0x2</size>
         <alignment>0x2</alignment>
         <input_file_ref idref="fl-3"/>
      </object_component>
      <object_component id="oc-9e">
         <name>.data.dev_id</name>
         <load_address>0x20200030</load_address>
         <readwrite>true</readwrite>
         <run_address>0x20200030</run_address>
         <size>0x2</size>
         <alignment>0x2</alignment>
         <input_file_ref idref="fl-3"/>
      </object_component>
      <object_component id="oc-a0">
         <name>.data.shunt_voltage</name>
         <load_address>0x2020002c</load_address>
         <readwrite>true</readwrite>
         <run_address>0x2020002c</run_address>
         <size>0x4</size>
         <alignment>0x4</alignment>
         <input_file_ref idref="fl-3"/>
      </object_component>
      <object_component id="oc-a1">
         <name>.data.bus_voltage</name>
         <load_address>0x2020001c</load_address>
         <readwrite>true</readwrite>
         <run_address>0x2020001c</run_address>
         <size>0x4</size>
         <alignment>0x4</alignment>
         <input_file_ref idref="fl-3"/>
      </object_component>
      <object_component id="oc-a2">
         <name>.data.die_temp</name>
         <load_address>0x20200024</load_address>
         <readwrite>true</readwrite>
         <run_address>0x20200024</run_address>
         <size>0x4</size>
         <alignment>0x4</alignment>
         <input_file_ref idref="fl-3"/>
      </object_component>
      <object_component id="oc-a3">
         <name>.data.current</name>
         <load_address>0x20200020</load_address>
         <readwrite>true</readwrite>
         <run_address>0x20200020</run_address>
         <size>0x4</size>
         <alignment>0x4</alignment>
         <input_file_ref idref="fl-3"/>
      </object_component>
      <object_component id="oc-a4">
         <name>.data.power</name>
         <load_address>0x20200028</load_address>
         <readwrite>true</readwrite>
         <run_address>0x20200028</run_address>
         <size>0x4</size>
         <alignment>0x4</alignment>
         <input_file_ref idref="fl-3"/>
      </object_component>
      <object_component id="oc-186">
         <name>.data.__aeabi_errno</name>
         <load_address>0x20200018</load_address>
         <readwrite>true</readwrite>
         <run_address>0x20200018</run_address>
         <size>0x4</size>
         <alignment>0x4</alignment>
         <input_file_ref idref="fl-36"/>
      </object_component>
      <object_component id="oc-d3">
         <name>.common:gSPI_0Backup</name>
         <uninitialized>true</uninitialized>
         <readwrite>true</readwrite>
         <run_address>0x20200034</run_address>
         <size>0x28</size>
         <alignment>0x4</alignment>
      </object_component>
      <object_component id="oc-1a">
         <name>.stack</name>
         <uninitialized>true</uninitialized>
         <readwrite>true</readwrite>
         <run_address>0x20207e00</run_address>
         <size>0x4</size>
         <alignment>0x4</alignment>
         <input_file_ref idref="fl-2d"/>
      </object_component>
      <object_component id="oc-224">
         <name>.stack</name>
         <uninitialized>true</uninitialized>
         <readwrite>true</readwrite>
         <run_address>0x20207e00</run_address>
         <size>0x0</size>
         <alignment>0x8</alignment>
      </object_component>
      <object_component id="oc-d0">
         <name>.debug_loc</name>
         <load_address>0x0</load_address>
         <run_address>0x0</run_address>
         <size>0x165</size>
         <alignment>0x1</alignment>
         <input_file_ref idref="fl-1"/>
      </object_component>
      <object_component id="oc-82">
         <name>.debug_loc</name>
         <load_address>0x165</load_address>
         <run_address>0x165</run_address>
         <size>0x2712</size>
         <alignment>0x1</alignment>
         <input_file_ref idref="fl-5"/>
      </object_component>
      <object_component id="oc-ee">
         <name>.debug_loc</name>
         <load_address>0x2877</load_address>
         <run_address>0x2877</run_address>
         <size>0x13</size>
         <alignment>0x1</alignment>
         <input_file_ref idref="fl-13"/>
      </object_component>
      <object_component id="oc-114">
         <name>.debug_loc</name>
         <load_address>0x288a</load_address>
         <run_address>0x288a</run_address>
         <size>0x88e</size>
         <alignment>0x1</alignment>
         <input_file_ref idref="fl-14"/>
      </object_component>
      <object_component id="oc-10b">
         <name>.debug_loc</name>
         <load_address>0x3118</load_address>
         <run_address>0x3118</run_address>
         <size>0x7e4</size>
         <alignment>0x1</alignment>
         <input_file_ref idref="fl-15"/>
      </object_component>
      <object_component id="oc-e6">
         <name>.debug_loc</name>
         <load_address>0x38fc</load_address>
         <run_address>0x38fc</run_address>
         <size>0x186</size>
         <alignment>0x1</alignment>
         <input_file_ref idref="fl-2c"/>
      </object_component>
      <object_component id="oc-3a">
         <name>.debug_loc</name>
         <load_address>0x3a82</load_address>
         <run_address>0x3a82</run_address>
         <size>0xd8</size>
         <alignment>0x1</alignment>
         <input_file_ref idref="fl-2d"/>
      </object_component>
      <object_component id="oc-b5">
         <name>.debug_loc</name>
         <load_address>0x3b5a</load_address>
         <run_address>0x3b5a</run_address>
         <size>0x424</size>
         <alignment>0x1</alignment>
         <input_file_ref idref="fl-2f"/>
      </object_component>
      <object_component id="oc-47">
         <name>.debug_loc</name>
         <load_address>0x3f7e</load_address>
         <run_address>0x3f7e</run_address>
         <size>0x16c</size>
         <alignment>0x1</alignment>
         <input_file_ref idref="fl-32"/>
      </object_component>
      <object_component id="oc-45">
         <name>.debug_loc</name>
         <load_address>0x40ea</load_address>
         <run_address>0x40ea</run_address>
         <size>0x6f</size>
         <alignment>0x1</alignment>
         <input_file_ref idref="fl-33"/>
      </object_component>
      <object_component id="oc-3d">
         <name>.debug_loc</name>
         <load_address>0x4159</load_address>
         <run_address>0x4159</run_address>
         <size>0x167</size>
         <alignment>0x1</alignment>
         <input_file_ref idref="fl-34"/>
      </object_component>
      <object_component id="oc-144">
         <name>.debug_loc</name>
         <load_address>0x42c0</load_address>
         <run_address>0x42c0</run_address>
         <size>0x32d8</size>
         <alignment>0x1</alignment>
         <input_file_ref idref="fl-35"/>
      </object_component>
      <object_component id="oc-189">
         <name>.debug_loc</name>
         <load_address>0x7598</load_address>
         <run_address>0x7598</run_address>
         <size>0x101</size>
         <alignment>0x1</alignment>
         <input_file_ref idref="fl-36"/>
      </object_component>
      <object_component id="oc-b3">
         <name>.debug_loc</name>
         <load_address>0x7699</load_address>
         <run_address>0x7699</run_address>
         <size>0x26</size>
         <alignment>0x1</alignment>
         <input_file_ref idref="fl-37"/>
      </object_component>
      <object_component id="oc-1d5">
         <name>.debug_loc</name>
         <load_address>0x76bf</load_address>
         <run_address>0x76bf</run_address>
         <size>0x8f</size>
         <alignment>0x1</alignment>
         <input_file_ref idref="fl-39"/>
      </object_component>
      <object_component id="oc-182">
         <name>.debug_loc</name>
         <load_address>0x774e</load_address>
         <run_address>0x774e</run_address>
         <size>0x66</size>
         <alignment>0x1</alignment>
         <input_file_ref idref="fl-3c"/>
      </object_component>
      <object_component id="oc-178">
         <name>.debug_loc</name>
         <load_address>0x77b4</load_address>
         <run_address>0x77b4</run_address>
         <size>0xbf</size>
         <alignment>0x1</alignment>
         <input_file_ref idref="fl-3e"/>
      </object_component>
      <object_component id="oc-1ca">
         <name>.debug_loc</name>
         <load_address>0x7873</load_address>
         <run_address>0x7873</run_address>
         <size>0x9c</size>
         <alignment>0x1</alignment>
         <input_file_ref idref="fl-40"/>
      </object_component>
      <object_component id="oc-1cd">
         <name>.debug_loc</name>
         <load_address>0x790f</load_address>
         <run_address>0x790f</run_address>
         <size>0x127</size>
         <alignment>0x1</alignment>
         <input_file_ref idref="fl-41"/>
      </object_component>
      <object_component id="oc-185">
         <name>.debug_loc</name>
         <load_address>0x7a36</load_address>
         <run_address>0x7a36</run_address>
         <size>0x33</size>
         <alignment>0x1</alignment>
         <input_file_ref idref="fl-42"/>
      </object_component>
      <object_component id="oc-1ae">
         <name>.debug_loc</name>
         <load_address>0x7a69</load_address>
         <run_address>0x7a69</run_address>
         <size>0x363</size>
         <alignment>0x1</alignment>
         <input_file_ref idref="fl-113"/>
      </object_component>
      <object_component id="oc-1c1">
         <name>.debug_loc</name>
         <load_address>0x7dcc</load_address>
         <run_address>0x7dcc</run_address>
         <size>0x20</size>
         <alignment>0x1</alignment>
         <input_file_ref idref="fl-114"/>
      </object_component>
      <object_component id="oc-d4">
         <name>.debug_abbrev</name>
         <load_address>0x0</load_address>
         <run_address>0x0</run_address>
         <size>0x208</size>
         <alignment>0x1</alignment>
         <input_file_ref idref="fl-1"/>
      </object_component>
      <object_component id="oc-34">
         <name>.debug_abbrev</name>
         <load_address>0x208</load_address>
         <run_address>0x208</run_address>
         <size>0x6d</size>
         <alignment>0x1</alignment>
         <input_file_ref idref="fl-2"/>
      </object_component>
      <object_component id="oc-ab">
         <name>.debug_abbrev</name>
         <load_address>0x275</load_address>
         <run_address>0x275</run_address>
         <size>0x1a3</size>
         <alignment>0x1</alignment>
         <input_file_ref idref="fl-3"/>
      </object_component>
      <object_component id="oc-e3">
         <name>.debug_abbrev</name>
         <load_address>0x418</load_address>
         <run_address>0x418</run_address>
         <size>0x286</size>
         <alignment>0x1</alignment>
         <input_file_ref idref="fl-5"/>
      </object_component>
      <object_component id="oc-ec">
         <name>.debug_abbrev</name>
         <load_address>0x69e</load_address>
         <run_address>0x69e</run_address>
         <size>0x62</size>
         <alignment>0x1</alignment>
         <input_file_ref idref="fl-13"/>
      </object_component>
      <object_component id="oc-13f">
         <name>.debug_abbrev</name>
         <load_address>0x700</load_address>
         <run_address>0x700</run_address>
         <size>0x277</size>
         <alignment>0x1</alignment>
         <input_file_ref idref="fl-14"/>
      </object_component>
      <object_component id="oc-13d">
         <name>.debug_abbrev</name>
         <load_address>0x977</load_address>
         <run_address>0x977</run_address>
         <size>0x29b</size>
         <alignment>0x1</alignment>
         <input_file_ref idref="fl-15"/>
      </object_component>
      <object_component id="oc-12c">
         <name>.debug_abbrev</name>
         <load_address>0xc12</load_address>
         <run_address>0xc12</run_address>
         <size>0x10a</size>
         <alignment>0x1</alignment>
         <input_file_ref idref="fl-2c"/>
      </object_component>
      <object_component id="oc-36">
         <name>.debug_abbrev</name>
         <load_address>0xd1c</load_address>
         <run_address>0xd1c</run_address>
         <size>0xaf</size>
         <alignment>0x1</alignment>
         <input_file_ref idref="fl-2d"/>
      </object_component>
      <object_component id="oc-103">
         <name>.debug_abbrev</name>
         <load_address>0xdcb</load_address>
         <run_address>0xdcb</run_address>
         <size>0x170</size>
         <alignment>0x1</alignment>
         <input_file_ref idref="fl-2f"/>
      </object_component>
      <object_component id="oc-7a">
         <name>.debug_abbrev</name>
         <load_address>0xf3b</load_address>
         <run_address>0xf3b</run_address>
         <size>0x39</size>
         <alignment>0x1</alignment>
         <input_file_ref idref="fl-30"/>
      </object_component>
      <object_component id="oc-58">
         <name>.debug_abbrev</name>
         <load_address>0xf74</load_address>
         <run_address>0xf74</run_address>
         <size>0xc2</size>
         <alignment>0x1</alignment>
[...]
         <name>dev_id</name>
         <value>0x20200030</value>
         <object_component_ref idref="oc-9e"/>
      </symbol>
      <symbol id="sm-a8">
         <name>shunt_voltage</name>
         <value>0x2020002c</value>
         <object_component_ref idref="oc-a0"/>
      </symbol>
      <symbol id="sm-a9">
         <name>bus_voltage</name>
         <value>0x2020001c</value>
         <object_component_ref idref="oc-a1"/>
      </symbol>
      <symbol id="sm-aa">
         <name>die_temp</name>
         <value>0x20200024</value>
         <object_component_ref idref="oc-a2"/>
      </symbol>
      <symbol id="sm-ab">
         <name>current</name>
         <value>0x20200020</value>
         <object_component_ref idref="oc-a3"/>
      </symbol>
      <symbol id="sm-ac">
         <name>power</name>
         <value>0x20200028</value>
         <object_component_ref idref="oc-a4"/>
      </symbol>
      <symbol id="sm-dc">
         <name>ina229_init</name>
         <value>0x143d</value>
         <object_component_ref idref="oc-81"/>
      </symbol>
      <symbol id="sm-dd">
         <name>ina229_read_reg16</name>
         <value>0x1835</value>
         <object_component_ref idref="oc-da"/>
      </symbol>
      <symbol id="sm-de">
         <name>ina229_write_shunt_calibration</name>
         <value>0x1ab1</value>
         <object_component_ref idref="oc-8a"/>
      </symbol>
      <symbol id="sm-df">
         <name>ina229_read_reg24</name>
         <value>0x1669</value>
         <object_component_ref idref="oc-ef"/>
      </symbol>
      <symbol id="sm-e0">
         <name>ina229_read_manufacturer_id</name>
         <value>0x2c79</value>
         <object_component_ref idref="oc-8c"/>
      </symbol>
      <symbol id="sm-e1">
         <name>ina229_read_device_id</name>
         <value>0x2c6d</value>
         <object_component_ref idref="oc-8d"/>
      </symbol>
      <symbol id="sm-e2">
         <name>ina229_read_shunt_voltage</name>
         <value>0x24a1</value>
         <object_component_ref idref="oc-92"/>
      </symbol>
      <symbol id="sm-e3">
         <name>ina229_read_bus_voltage</name>
         <value>0x2951</value>
         <object_component_ref idref="oc-93"/>
      </symbol>
      <symbol id="sm-e4">
         <name>ina229_read_die_temperature</name>
         <value>0x2989</value>
         <object_component_ref idref="oc-94"/>
      </symbol>
      <symbol id="sm-e5">
         <name>ina229_read_current</name>
         <value>0x23f9</value>
         <object_component_ref idref="oc-95"/>
      </symbol>
      <symbol id="sm-e6">
         <name>ina229_read_power</name>
         <value>0x244d</value>
         <object_component_ref idref="oc-96"/>
      </symbol>
      <symbol id="sm-e7">
         <name>ina229_write_configuration</name>
         <value>0x1c39</value>
         <object_component_ref idref="oc-88"/>
      </symbol>
      <symbol id="sm-e8">
         <name>ina229_write_adc_configuration</name>
         <value>0x19ed</value>
         <object_component_ref idref="oc-89"/>
      </symbol>
      <symbol id="sm-e9">
         <name>ina229_write_shunt_temperature_coefficient</name>
         <value>0x1b75</value>
         <object_component_ref idref="oc-8b"/>
      </symbol>
      <symbol id="sm-ea">
         <name>__TI_ATRegion0_src_addr</name>
         <value>0x0</value>
      </symbol>
      <symbol id="sm-eb">
         <name>__TI_ATRegion0_trg_addr</name>
         <value>0x0</value>
      </symbol>
      <symbol id="sm-ec">
         <name>__TI_ATRegion0_region_sz</name>
         <value>0x0</value>
      </symbol>
      <symbol id="sm-ed">
         <name>__TI_ATRegion1_src_addr</name>
         <value>0x0</value>
      </symbol>
      <symbol id="sm-ee">
         <name>__TI_ATRegion1_trg_addr</name>
         <value>0x0</value>
      </symbol>
      <symbol id="sm-ef">
         <name>__TI_ATRegion1_region_sz</name>
         <value>0x0</value>
      </symbol>
      <symbol id="sm-f0">
         <name>__TI_ATRegion2_src_addr</name>
         <value>0x0</value>
      </symbol>
      <symbol id="sm-f1">
         <name>__TI_ATRegion2_trg_addr</name>
         <value>0x0</value>
      </symbol>
      <symbol id="sm-f2">
         <name>__TI_ATRegion2_region_sz</name>
         <value>0x0</value>
      </symbol>
      <symbol id="sm-fb">
         <name>DL_Common_delayCycles</name>
         <value>0x2c85</value>
         <object_component_ref idref="oc-8e"/>
      </symbol>
      <symbol id="sm-108">
         <name>DL_SPI_init</name>
         <value>0x2625</value>
         <object_component_ref idref="oc-119"/>
      </symbol>
      <symbol id="sm-109">
         <name>DL_SPI_setClockConfig</name>
         <value>0x2c09</value>
         <object_component_ref idref="oc-113"/>
      </symbol>
      <symbol id="sm-116">
         <name>DL_UART_init</name>
         <value>0x2595</value>
         <object_component_ref idref="oc-110"/>
      </symbol>
      <symbol id="sm-117">
         <name>DL_UART_setClockConfig</name>
         <value>0x2c1b</value>
         <object_component_ref idref="oc-10a"/>
      </symbol>
      <symbol id="sm-128">
         <name>vsnprintf</name>
         <value>0x27ad</value>
         <object_component_ref idref="oc-e5"/>
      </symbol>
      <symbol id="sm-133">
         <name>_c_int00_noargs</name>
         <value>0x2ad1</value>
         <object_component_ref idref="oc-4f"/>
      </symbol>
      <symbol id="sm-134">
         <name>__stack</name>
         <value>0x20207e00</value>
         <object_component_ref idref="oc-1a"/>
      </symbol>
      <symbol id="sm-140">
         <name>__TI_auto_init_nobinit_nopinit</name>
         <value>0x2865</value>
         <object_component_ref idref="oc-b4"/>
      </symbol>
      <symbol id="sm-148">
         <name>_system_pre_init</name>
         <value>0x2cd3</value>
         <object_component_ref idref="oc-5f"/>
      </symbol>
      <symbol id="sm-153">
         <name>__TI_zero_init_nomemset</name>
         <value>0x2bcb</value>
         <object_component_ref idref="oc-46"/>
      </symbol>
      <symbol id="sm-15c">
         <name>__TI_decompress_none</name>
         <value>0x2c2d</value>
         <object_component_ref idref="oc-20"/>
      </symbol>
      <symbol id="sm-167">
         <name>__TI_decompress_lzss</name>
         <value>0x1f41</value>
         <object_component_ref idref="oc-1c"/>
      </symbol>
      <symbol id="sm-1b0">
         <name>__TI_printfi</name>
         <value>0xc1</value>
         <object_component_ref idref="oc-14a"/>
      </symbol>
      <symbol id="sm-1bb">
         <name>__aeabi_errno_addr</name>
         <value>0x2cb5</value>
         <object_component_ref idref="oc-160"/>
      </symbol>
      <symbol id="sm-1bc">
         <name>__aeabi_errno</name>
         <value>0x20200018</value>
         <object_component_ref idref="oc-186"/>
      </symbol>
      <symbol id="sm-1c6">
         <name>abort</name>
         <value>0x2cc5</value>
         <object_component_ref idref="oc-ad"/>
      </symbol>
      <symbol id="sm-1d0">
         <name>__TI_ltoa</name>
         <value>0x22f1</value>
         <object_component_ref idref="oc-19c"/>
      </symbol>
      <symbol id="sm-1dc">
         <name>atoi</name>
         <value>0x276d</value>
         <object_component_ref idref="oc-158"/>
      </symbol>
      <symbol id="sm-1e6">
         <name>memccpy</name>
         <value>0x2b41</value>
         <object_component_ref idref="oc-14d"/>
      </symbol>
      <symbol id="sm-1f1">
         <name>frexp</name>
         <value>0x2295</value>
         <object_component_ref idref="oc-190"/>
      </symbol>
      <symbol id="sm-1f2">
         <name>frexpl</name>
         <value>0x2295</value>
         <object_component_ref idref="oc-190"/>
      </symbol>
      <symbol id="sm-1fc">
         <name>scalbn</name>
         <value>0x1915</value>
         <object_component_ref idref="oc-194"/>
      </symbol>
      <symbol id="sm-1fd">
         <name>ldexp</name>
         <value>0x1915</value>
         <object_component_ref idref="oc-194"/>
      </symbol>
      <symbol id="sm-1fe">
         <name>scalbnl</name>
         <value>0x1915</value>
         <object_component_ref idref="oc-194"/>
      </symbol>
      <symbol id="sm-1ff">
         <name>ldexpl</name>
         <value>0x1915</value>
         <object_component_ref idref="oc-194"/>
      </symbol>
      <symbol id="sm-208">
         <name>wcslen</name>
         <value>0x2c3f</value>
         <object_component_ref idref="oc-15c"/>
      </symbol>
      <symbol id="sm-20e">
         <name>__aeabi_ctype_table_</name>
         <value>0x2ce0</value>
         <object_component_ref idref="oc-17f"/>
      </symbol>
      <symbol id="sm-20f">
         <name>__aeabi_ctype_table_C</name>
         <value>0x2ce0</value>
         <object_component_ref idref="oc-17f"/>
      </symbol>
      <symbol id="sm-21a">
         <name>HOSTexit</name>
         <value>0x2ccb</value>
         <object_component_ref idref="oc-f9"/>
      </symbol>
      <symbol id="sm-21b">
         <name>C$$EXIT</name>
         <value>0x2cca</value>
         <object_component_ref idref="oc-f9"/>
      </symbol>
      <symbol id="sm-230">
         <name>__aeabi_dadd</name>
         <value>0x1057</value>
         <object_component_ref idref="oc-1b9"/>
      </symbol>
      <symbol id="sm-231">
         <name>__adddf3</name>
         <value>0x1057</value>
         <object_component_ref idref="oc-1b9"/>
      </symbol>
      <symbol id="sm-232">
         <name>__aeabi_dsub</name>
         <value>0x104d</value>
         <object_component_ref idref="oc-1b9"/>
      </symbol>
      <symbol id="sm-233">
         <name>__subdf3</name>
         <value>0x104d</value>
         <object_component_ref idref="oc-1b9"/>
      </symbol>
      <symbol id="sm-23c">
         <name>__aeabi_dmul</name>
         <value>0x1751</value>
         <object_component_ref idref="oc-1a5"/>
      </symbol>
      <symbol id="sm-23d">
         <name>__muldf3</name>
         <value>0x1751</value>
         <object_component_ref idref="oc-1a5"/>
      </symbol>
      <symbol id="sm-243">
         <name>__muldsi3</name>
         <value>0x28dd</value>
         <object_component_ref idref="oc-123"/>
      </symbol>
      <symbol id="sm-249">
         <name>__aeabi_fmul</name>
         <value>0x1e35</value>
         <object_component_ref idref="oc-db"/>
      </symbol>
      <symbol id="sm-24a">
         <name>__mulsf3</name>
         <value>0x1e35</value>
         <object_component_ref idref="oc-db"/>
      </symbol>
      <symbol id="sm-250">
         <name>__aeabi_ddiv</name>
         <value>0x155d</value>
         <object_component_ref idref="oc-1b5"/>
      </symbol>
      <symbol id="sm-251">
         <name>__divdf3</name>
         <value>0x155d</value>
         <object_component_ref idref="oc-1b5"/>
      </symbol>
      <symbol id="sm-257">
         <name>__aeabi_f2d</name>
         <value>0x272d</value>
         <object_component_ref idref="oc-97"/>
      </symbol>
      <symbol id="sm-258">
         <name>__extendsfdf2</name>
         <value>0x272d</value>
         <object_component_ref idref="oc-97"/>
      </symbol>
      <symbol id="sm-25e">
         <name>__aeabi_d2iz</name>
         <value>0x2549</value>
         <object_component_ref idref="oc-198"/>
      </symbol>
      <symbol id="sm-25f">
         <name>__fixdfsi</name>
         <value>0x2549</value>
         <object_component_ref idref="oc-198"/>
      </symbol>
      <symbol id="sm-265">
         <name>__aeabi_f2iz</name>
         <value>0x2919</value>
         <object_component_ref idref="oc-df"/>
      </symbol>
      <symbol id="sm-266">
         <name>__fixsfsi</name>
         <value>0x2919</value>
         <object_component_ref idref="oc-df"/>
      </symbol>
      <symbol id="sm-26c">
         <name>__aeabi_i2d</name>
         <value>0x2a51</value>
         <object_component_ref idref="oc-1a0"/>
      </symbol>
      <symbol id="sm-26d">
         <name>__floatsidf</name>
         <value>0x2a51</value>
         <object_component_ref idref="oc-1a0"/>
      </symbol>
      <symbol id="sm-273">
         <name>__aeabi_i2f</name>
         <value>0x27ed</value>
         <object_component_ref idref="oc-f0"/>
      </symbol>
      <symbol id="sm-274">
         <name>__floatsisf</name>
         <value>0x27ed</value>
         <object_component_ref idref="oc-f0"/>
      </symbol>
      <symbol id="sm-27a">
         <name>__aeabi_ui2f</name>
         <value>0x2aa9</value>
         <object_component_ref idref="oc-f4"/>
      </symbol>
      <symbol id="sm-27b">
         <name>__floatunsisf</name>
         <value>0x2aa9</value>
         <object_component_ref idref="oc-f4"/>
      </symbol>
      <symbol id="sm-281">
         <name>__aeabi_lmul</name>
         <value>0x2b1d</value>
         <object_component_ref idref="oc-165"/>
      </symbol>
      <symbol id="sm-282">
         <name>__muldi3</name>
         <value>0x2b1d</value>
         <object_component_ref idref="oc-165"/>
      </symbol>
      <symbol id="sm-288">
         <name>__aeabi_dcmpeq</name>
         <value>0x216d</value>
         <object_component_ref idref="oc-16f"/>
      </symbol>
      <symbol id="sm-289">
         <name>__aeabi_dcmplt</name>
         <value>0x2181</value>
         <object_component_ref idref="oc-16f"/>
      </symbol>
      <symbol id="sm-28a">
         <name>__aeabi_dcmple</name>
         <value>0x2195</value>
         <object_component_ref idref="oc-16f"/>
      </symbol>
      <symbol id="sm-28b">
         <name>__aeabi_dcmpge</name>
         <value>0x21a9</value>
         <object_component_ref idref="oc-16f"/>
      </symbol>
      <symbol id="sm-28c">
         <name>__aeabi_dcmpgt</name>
         <value>0x21bd</value>
         <object_component_ref idref="oc-16f"/>
      </symbol>
      <symbol id="sm-292">
         <name>__aeabi_fcmpeq</name>
         <value>0x21d1</value>
         <object_component_ref idref="oc-d6"/>
      </symbol>
      <symbol id="sm-293">
         <name>__aeabi_fcmplt</name>
         <value>0x21e5</value>
         <object_component_ref idref="oc-d6"/>
      </symbol>
      <symbol id="sm-294">
         <name>__aeabi_fcmple</name>
         <value>0x21f9</value>
         <object_component_ref idref="oc-d6"/>
      </symbol>
      <symbol id="sm-295">
         <name>__aeabi_fcmpge</name>
         <value>0x220d</value>
         <object_component_ref idref="oc-d6"/>
      </symbol>
      <symbol id="sm-296">
         <name>__aeabi_fcmpgt</name>
         <value>0x2221</value>
         <object_component_ref idref="oc-d6"/>
      </symbol>
      <symbol id="sm-29c">
         <name>__aeabi_idiv</name>
         <value>0x23a1</value>
         <object_component_ref idref="oc-1cf"/>
      </symbol>
      <symbol id="sm-29d">
         <name>__aeabi_idivmod</name>
         <value>0x23a1</value>
         <object_component_ref idref="oc-1cf"/>
      </symbol>
      <symbol id="sm-2a3">
         <name>__aeabi_memcpy</name>
         <value>0x2cbd</value>
         <object_component_ref idref="oc-3f"/>
      </symbol>
      <symbol id="sm-2a4">
         <name>__aeabi_memcpy4</name>
         <value>0x2cbd</value>
         <object_component_ref idref="oc-3f"/>
      </symbol>
      <symbol id="sm-2a5">
         <name>__aeabi_memcpy8</name>
         <value>0x2cbd</value>
         <object_component_ref idref="oc-3f"/>
      </symbol>
      <symbol id="sm-2ac">
         <name>__aeabi_memset</name>
         <value>0x2c51</value>
         <object_component_ref idref="oc-14c"/>
      </symbol>
      <symbol id="sm-2ad">
         <name>__aeabi_memset4</name>
         <value>0x2c51</value>
         <object_component_ref idref="oc-14c"/>
      </symbol>
      <symbol id="sm-2ae">
         <name>__aeabi_memset8</name>
         <value>0x2c51</value>
         <object_component_ref idref="oc-14c"/>
      </symbol>
      <symbol id="sm-2b4">
         <name>__aeabi_uidiv</name>
         <value>0x26ed</value>
         <object_component_ref idref="oc-152"/>
      </symbol>
      <symbol id="sm-2b5">
         <name>__aeabi_uidivmod</name>
         <value>0x26ed</value>
         <object_component_ref idref="oc-152"/>
      </symbol>
      <symbol id="sm-2bb">
         <name>__aeabi_uldivmod</name>
         <value>0x2be1</value>
         <object_component_ref idref="oc-16a"/>
      </symbol>
      <symbol id="sm-2c4">
         <name>__eqsf2</name>
         <value>0x28a1</value>
         <object_component_ref idref="oc-11c"/>
      </symbol>
      <symbol id="sm-2c5">
         <name>__lesf2</name>
         <value>0x28a1</value>
         <object_component_ref idref="oc-11c"/>
      </symbol>
      <symbol id="sm-2c6">
         <name>__ltsf2</name>
         <value>0x28a1</value>
         <object_component_ref idref="oc-11c"/>
      </symbol>
      <symbol id="sm-2c7">
         <name>__nesf2</name>
         <value>0x28a1</value>
         <object_component_ref idref="oc-11c"/>
      </symbol>
      <symbol id="sm-2c8">
         <name>__cmpsf2</name>
         <value>0x28a1</value>
         <object_component_ref idref="oc-11c"/>
      </symbol>
      <symbol id="sm-2c9">
         <name>__gtsf2</name>
         <value>0x2829</value>
         <object_component_ref idref="oc-121"/>
      </symbol>
      <symbol id="sm-2ca">
         <name>__gesf2</name>
         <value>0x2829</value>
         <object_component_ref idref="oc-121"/>
      </symbol>
      <symbol id="sm-2d0">
         <name>__udivmoddi4</name>
         <value>0x1cf9</value>
         <object_component_ref idref="oc-18b"/>
      </symbol>
      <symbol id="sm-2d6">
         <name>__aeabi_llsl</name>
         <value>0x2b65</value>
         <object_component_ref idref="oc-1c3"/>
      </symbol>
      <symbol id="sm-2d7">
         <name>__ashldi3</name>
         <value>0x2b65</value>
         <object_component_ref idref="oc-1c3"/>
      </symbol>
      <symbol id="sm-2e5">
         <name>__ledf2</name>
         <value>0x209d</value>
         <object_component_ref idref="oc-1ad"/>
      </symbol>
      <symbol id="sm-2e6">
         <name>__gedf2</name>
         <value>0x1fbd</value>
         <object_component_ref idref="oc-1b3"/>
      </symbol>
      <symbol id="sm-2e7">
         <name>__cmpdf2</name>
         <value>0x209d</value>
         <object_component_ref idref="oc-1ad"/>
      </symbol>
      <symbol id="sm-2e8">
         <name>__eqdf2</name>
         <value>0x209d</value>
         <object_component_ref idref="oc-1ad"/>
      </symbol>
      <symbol id="sm-2e9">
         <name>__ltdf2</name>
         <value>0x209d</value>
         <object_component_ref idref="oc-1ad"/>
      </symbol>
      <symbol id="sm-2ea">
         <name>__nedf2</name>
         <value>0x209d</value>
         <object_component_ref idref="oc-1ad"/>
      </symbol>
      <symbol id="sm-2eb">
         <name>__gtdf2</name>
         <value>0x1fbd</value>
         <object_component_ref idref="oc-1b3"/>
      </symbol>
      <symbol id="sm-2f7">
         <name>__aeabi_idiv0</name>
         <value>0x209b</value>
         <object_component_ref idref="oc-179"/>
      </symbol>
      <symbol id="sm-2f8">
         <name>__aeabi_ldiv0</name>
         <value>0x216b</value>
         <object_component_ref idref="oc-1c2"/>
      </symbol>
      <symbol id="sm-312">
         <name>memcpy</name>
         <value>0x1d9b</value>
         <object_component_ref idref="oc-77"/>
      </symbol>
      <symbol id="sm-321">
         <name>memset</name>
         <value>0x2233</value>
         <object_component_ref idref="oc-cc"/>
      </symbol>
      <symbol id="sm-322">
         <name>__TI_static_base__</name>
         <value>0x0</value>
      </symbol>
      <symbol id="sm-326">
         <name>__mpu_init</name>
         <value>0x0</value>
      </symbol>
      <symbol id="sm-327">
         <name>_system_post_cinit</name>
         <value>0x0</value>
      </symbol>
   </symbol_table>
   <title>Link successful</title>
</link_info>
